====== os boot cost 44s, total 1, fail 1 ======

====== dmesg master start ======
[    0.000000] Booting Linux on physical CPU 0x100
[    0.000000] Initializing cgroup subsys cpuset
[    0.000000] Initializing cgroup subsys cpu
[    0.000000] Initializing cgroup subsys cpuacct
[    0.000000] Linux version 4.4.38+ (zxp@zxp-ThinkPad-T470) (gcc version 6.4.1 20171012 (Linaro GCC 6.4-2017.11) ) #5 SMP PREEMPT Tue Jul 2 10:22:22 CST 2019
[    0.000000] Boot CPU: AArch64 Processor [411fd073]
[    0.000000] earlycon: Early serial console at MMIO32 0x3100000 (options '')
[    0.000000] bootconsole [uart0] enabled
[    0.000000] Reserved memory: initialized node ramoops_carveout, compatible id nvidia,ramoops
[    0.000000] cma: Reserved 64 MiB at 0x00000000fc000000
[    0.000000] On node 0 totalpages: 1789952
[    0.000000]   DMA zone: 8192 pages used for memmap
[    0.000000]   DMA zone: 0 pages reserved
[    0.000000]   DMA zone: 519680 pages, LIFO batch:31
[    0.000000]   Normal zone: 19872 pages used for memmap
[    0.000000]   Normal zone: 1270272 pages, LIFO batch:31
[    0.000000] psci: probing for conduit method from DT.
[    0.000000] psci: PSCIv1.0 detected in firmware.
[    0.000000] psci: Using standard PSCI v0.2 function IDs
[    0.000000] psci: MIGRATE_INFO_TYPE not supported.
[    0.000000] PERCPU: Embedded 17 pages/cpu @ffffffc1b665d000 s31256 r8192 d30184 u69632
[    0.000000] pcpu-alloc: s31256 r8192 d30184 u69632 alloc=17*4096
[    0.000000] pcpu-alloc: [0] 0 [0] 1 [0] 2 [0] 3 [0] 4 [0] 5 
[    0.000000] Built 1 zonelists in Zone order, mobility grouping on.  Total pages: 1761888
[    0.000000] Kernel command line: root=/dev/mmcblk0p1 rw rootwait console=ttyS0,115200n8 console=tty0 OS=l4t fbcon=map:0 net.ifnames=0 memtype=0 video=tegrafb no_console_suspend=1 earlycon=uart8250,mmio32,0x03100000 nvdumper_reserved=0x2372e0000 gpt tegraid=18.1.2.0.0 tegra_keep_boot_clocks maxcpus=6 boot.slot_suffix= boot.ratchetvalues=0.2.1 androidboot.serialno=0320218172381 bl_prof_dataptr=0x10000@0x237040000 sdhci_tegra.en_boot_part_access=1 root=/dev/mmcblk0p1 rw rootwait rootfstype=ext4 pcie_aspm=off
[    0.000000] PCIe ASPM is disabled
[    0.000000] PID hash table entries: 4096 (order: 3, 32768 bytes)
[    0.000000] Dentry cache hash table entries: 1048576 (order: 11, 8388608 bytes)
[    0.000000] Inode-cache hash table entries: 524288 (order: 10, 4194304 bytes)
[    0.000000] Memory: 6944348K/7159808K available (11348K kernel code, 1786K rwdata, 5760K rodata, 1152K init, 719K bss, 149924K reserved, 65536K cma-reserved)
[    0.000000] Virtual kernel memory layout:
                   vmalloc : 0xffffff8000000000 - 0xffffffbdbfff0000   (   246 GB)
                   vmemmap : 0xffffffbdc0000000 - 0xffffffbfc0000000   (     8 GB maximum)
                             0xffffffbdc2000000 - 0xffffffbdc8da0000   (   109 MB actual)
                   fixed   : 0xffffffbffa7fd000 - 0xffffffbffac00000   (  4108 KB)
                   PCI I/O : 0xffffffbffae00000 - 0xffffffbffbe00000   (    16 MB)
                   modules : 0xffffffbffc000000 - 0xffffffc000000000   (    64 MB)
                   memory  : 0xffffffc000000000 - 0xffffffc1b6800000   (  7016 MB)
                     .init : 0xffffffc001136000 - 0xffffffc001256000   (  1152 KB)
                     .text : 0xffffffc000080000 - 0xffffffc001136000   ( 17112 KB)
                     .data : 0xffffffc001277000 - 0xffffffc0014358c0   (  1787 KB)
[    0.000000] SLUB: HWalign=64, Order=0-3, MinObjects=0, CPUs=6, Nodes=1
[    0.000000] Preemptible hierarchical RCU implementation.
[    0.000000] 	Build-time adjustment of leaf fanout to 64.
[    0.000000] 	RCU restricting CPUs from NR_CPUS=64 to nr_cpu_ids=6.
[    0.000000] RCU: Adjusting geometry for rcu_fanout_leaf=64, nr_cpu_ids=6
[    0.000000] NR_IRQS:64 nr_irqs:64 0
[    0.000000] GIC: Using split EOI/Deactivate mode
[    0.000000] Architected cp15 timer(s) running at 31.25MHz (phys).
[    0.000000] clocksource: arch_sys_counter: mask: 0xffffffffffffff max_cycles: 0xe6a171046, max_idle_ns: 881590405314 ns
[    0.000003] sched_clock: 56 bits at 31MHz, resolution 32ns, wraps every 4398046511088ns
[    0.009370] Console: colour dummy device 80x25
[    0.014003] console [tty0] enabled
[    0.017536] bootconsole [uart0] disabled
[    0.021610] kmemleak: Kernel memory leak detector disabled
[    0.021623] Calibrating delay loop (skipped), value calculated using timer frequency.. 62.50 BogoMIPS (lpj=125000)
[    0.021634] pid_max: default: 32768 minimum: 301
[    0.021683] Security Framework initialized
[    0.021716] Mount-cache hash table entries: 16384 (order: 5, 131072 bytes)
[    0.021726] Mountpoint-cache hash table entries: 16384 (order: 5, 131072 bytes)
[    0.022086] Initializing cgroup subsys freezer
[    0.022100] Initializing cgroup subsys debug
[    0.022247] CPU0 ipc=752
[    0.022257] CPU1 ipc=1024
[    0.022264] CPU2 ipc=1024
[    0.022273] CPU3 ipc=752
[    0.022282] CPU4 ipc=752
[    0.022291] CPU5 ipc=752
[    0.022326] ASID allocator initialised with 65536 entries
[    0.044755] tegra-id: chipid=21817.
[    0.044769] tegra-id: opt_subrevision=1.
[    0.044779] Tegra Revision: A02p SKU: 0x90 CPU Process: 0 SoC Process: 0
[    0.045276] DTS File Name: /home/zxp/JetPack-3.1/sources/kernel/kernel-4.4/arch/arm64/boot/dts/../../../../../../hardware/nvidia/platform/t18x/quill/kernel-dts/tegra186-quill-p3489-1000-a00-00-base.dts
[    0.045296] DTB Build time: <unknown>
[    0.062395] CPU1: Booted secondary processor [4e0f0030]
[    0.073865] CPU2: Booted secondary processor [4e0f0030]
[    0.085586] CPU3: Booted secondary processor [411fd073]
[    0.097588] CPU4: Booted secondary processor [411fd073]
[    0.109587] CPU5: Booted secondary processor [411fd073]
[    0.109661] Brought up 6 CPUs
[    0.109722] SMP: Total of 6 processors activated.
[    0.109736] CPU: All CPU(s) started at EL2
[    0.110217] devtmpfs: initialized
[    0.128721] Initilizing CustomIPI irq domain
[    0.128915] clocksource: jiffies: mask: 0xffffffff max_cycles: 0xffffffff, max_idle_ns: 7645041785100000 ns
[    0.129776] pinctrl core: initialized pinctrl subsystem
[    0.129937] OS set in device tree is not L4T.
[    0.130150] regulator-dummy: no parameters
[    0.130258] Initializing plugin-manager
[    0.130313] Plugin module not found
[    0.130719] node /plugin-manager/soc-prod-a02-fragment match with chip-id A02P
[    0.131044] node /plugin-manager/fragement@0 match with odm-data enable-denver-wdt
[    0.131642] node /plugin-manager/fragement@4 match with odm-data enable-denver-wdt
[    0.132780] node /plugin-manager/fragment-500-e3325-pcie match with board >=3489-0000-200
[    0.132798] node /plugin-manager/fragment-500-e3325-pcie match with odm-data enable-pcie-on-uphy-lane0
[    0.133301] node /plugin-manager/fragment-p3489-A00 match with board >=3489-0000-200
[    0.135499] Adding domain adsp-pd to PM domain ape-pd
[    0.137182] NET: Registered protocol family 16
[    0.137980] console [pstore-1] enabled
[    0.137994] pstore: Registered ramoops as persistent store backend
[    0.138008] ramoops: attached 0x200000@0x237080000, ecc: 0/0
[    0.149108] cpuidle: using governor ladder
[    0.153585] cpuidle: using governor menu
[    0.154507] bpmp: waiting for handshake
[    0.154522] bpmp: handshake completed
[    0.154557] bpmp: synchronizing channels
[    0.154573] bpmp: channels synchronized
[    0.154584] bpmp: mail init ok
[    0.154942] vdso: 2 pages (1 code @ ffffffc00127d000, 1 data @ ffffffc00127c000)
[    0.154976] hw-breakpoint: found 6 breakpoint and 4 watchpoint registers.
[    0.156006] atomic_pool_init():526: DMA: preallocated 1024 KiB pool for atomic allocations
[    0.157366] tegra_powergate_init: DONE
[    0.157389] DTS File Name: /home/zxp/JetPack-3.1/sources/kernel/kernel-4.4/arch/arm64/boot/dts/../../../../../../hardware/nvidia/platform/t18x/quill/kernel-dts/tegra186-quill-p3489-1000-a00-00-base.dts
[    0.157417] DTB Build time: <unknown>
[    0.158294] Tegra reboot handler registered.
[    0.158949] Registering Tegra186 clocks (this may take a while)...done
[    0.160268] arm-smmu 12000000.iommu: probing hardware configuration...
[    0.160285] arm-smmu 12000000.iommu: SMMUv2 with:
[    0.160299] arm-smmu 12000000.iommu: 	stage 1 translation
[    0.160313] arm-smmu 12000000.iommu: 	stage 2 translation
[    0.160326] arm-smmu 12000000.iommu: 	nested translation
[    0.160340] arm-smmu 12000000.iommu: 	stream matching with 128 register groups, mask 0x7f80
[    0.160361] arm-smmu 12000000.iommu: SMMU address space size (0x800000) differs from mapped region size (0x1000000)!
[    0.160381] arm-smmu 12000000.iommu: 	64 context banks (0 stage-2 only)
[    0.160397] arm-smmu 12000000.iommu: 	Stage-1: 39-bit VA -> 48-bit IPA
[    0.160411] arm-smmu 12000000.iommu: 	Stage-2: 39-bit IPA -> 48-bit PA
[    0.194457] arm-smmu 12000000.iommu: registered 67 master devices
[    0.196589] iommu: Adding device 3460000.sdhci to group 0
[    0.196995] iommu: Adding device 3400000.sdhci to group 1
[    0.198334] iommu: Adding device 3507000.ahci-sata to group 2
[    0.198579] iommu: Adding device 3160000.i2c to group 3
[    0.198807] iommu: Adding device c240000.i2c to group 4
[    0.199009] iommu: Adding device 3180000.i2c to group 5
[    0.199214] iommu: Adding device 3190000.i2c to group 6
[    0.199470] iommu: Adding device 31b0000.i2c to group 7
[    0.199666] iommu: Adding device 31c0000.i2c to group 8
[    0.199867] iommu: Adding device c250000.i2c to group 9
[    0.200061] iommu: Adding device 31e0000.i2c to group 10
[    0.201183] iommu: Adding device 3210000.spi to group 11
[    0.201387] iommu: Adding device c260000.spi to group 12
[    0.201617] iommu: Adding device 3240000.spi to group 13
[    0.202104] iommu: Adding device 3100000.serial to group 14
[    0.202309] iommu: Adding device 3110000.serial to group 15
[    0.202912] iommu: Adding device c280000.serial to group 16
[    0.203564] iommu: Adding device 3130000.serial to group 17
[    0.205400] iommu: Adding device 2490000.ether_qos to group 18
[    0.206302] iommu: Adding device b000000.rtcpu to group 19
[    0.206950] iommu: Adding device c1a0000.aon to group 20
[    0.208194] Wake73 for irq=42
[    0.208547] iommu: Adding device smmu_test to group 21
[    0.209268] mc: mapped MMIO address: 0xffffff8000560000 -> 0x2c10000
[    0.209312] mc: mapped MMIO address: 0xffffff8000640000 -> 0x2c20000
[    0.209350] mc: mapped MMIO address: 0xffffff8000660000 -> 0x2c30000
[    0.209388] mc: mapped MMIO address: 0xffffff8000fa0000 -> 0x2c40000
[    0.209447] mc: mapped MMIO address: 0xffffff8000fc0000 -> 0x2c50000
[    0.209481] mc-err: Set intmask: 0xf3140
[    0.209739] ecc-err: dram ecc enabled-MC_ECC_CONTROL:0x0000000d
[    0.209862] ecc-err: ecc_err_irq = 56
[    0.210084] ecc-err: EMC_INTMASK = 0x00001c00
[    0.210110] ecc-err: EMC_NONCRITICAL_INTMASK = 0x00000000
[    0.210134] ecc-err: EMC_CRITICAL_INTMASK = 0x00000000
[    0.210957] Wake76 for irq=199
[    0.210981] Wake77 for irq=199
[    0.211025] Wake78 for irq=199
[    0.211044] Wake79 for irq=199
[    0.211064] Wake80 for irq=199
[    0.211082] Wake81 for irq=199
[    0.211102] Wake82 for irq=199
[    0.211281] iommu: Adding device 3530000.xhci to group 22
[    0.211659] iommu: Adding device 3550000.xudc to group 23
[    0.212487] tegra-pmc c360000.pmc: scratch reg offset dts data not present
[    0.212517] tegra-pmc: ### PMC reset source: Power on reset
[    0.212542] tegra-pmc: ### PMC reset level: L0
[    0.212564] tegra-pmc: ### PMC reset status reg: 0x0
[    0.212824] padctrl padctrl.0: Pad control driver tegra-pmc-padctrl registered
[    0.212863] tegra-pmc c360000.pmc: IO padctrl driver initialized
[    0.213022] tegra186-aowake c370000.pmc: WAKE_AOWAKE_CTRL_0 = 3
[    0.213073] tegra186-aowake c370000.pmc: WAKE_AOWAKE_CNTRL_24(PMU_INT) = 320
[    0.213531] iommu: Adding device 13e10000.host1x to group 24
[    0.213766] iommu: Adding device 13e10000.host1x:ctx0 to group 25
[    0.214030] iommu: Adding device 13e10000.host1x:ctx1 to group 26
[    0.214276] iommu: Adding device 13e10000.host1x:ctx2 to group 27
[    0.214549] iommu: Adding device 13e10000.host1x:ctx3 to group 28
[    0.214766] iommu: Adding device 13e10000.host1x:ctx4 to group 29
[    0.215019] iommu: Adding device 13e10000.host1x:ctx5 to group 30
[    0.215292] iommu: Adding device 13e10000.host1x:ctx6 to group 31
[    0.215505] iommu: Adding device 13e10000.host1x:ctx7 to group 32
[    0.215932] iommu: Adding device 150c0000.nvcsi to group 33
[    0.216450] iommu: Adding device 15700000.vi to group 34
[    0.216773] iommu: Adding device 15600000.isp to group 35
[    0.217081] iommu: Adding device 15200000.nvdisplay to group 36
[    0.217501] iommu: Adding device 15340000.vic to group 37
[    0.217696] iommu: Adding device 154c0000.nvenc to group 38
[    0.217936] iommu: Adding device 15480000.nvdec to group 39
[    0.218224] iommu: Adding device 15380000.nvjpg to group 40
[    0.218495] iommu: Adding device 15500000.tsec to group 41
[    0.218687] iommu: Adding device 15100000.tsecb to group 42
[    0.219321] iommu: Adding device 15810000.se to group 43
[    0.219560] iommu: Adding device 15820000.se to group 44
[    0.219744] iommu: Adding device 15830000.se to group 45
[    0.219921] iommu: Adding device 15840000.se to group 46
[    0.220396] iommu: Adding device 17000000.gp10b to group 47
[    0.221651] tegra-reset 5000000.clock: registered 193 resets.
[    0.223399] iommu: Adding device d000000.bpmp to group 48
[    0.223615] bpmp: ping status is 0
[    0.223804] bpmp d000000.bpmp: firmware tag is 83385b61e34297b2f37e76e0cd1ff81e
[    0.224171] bpmp d000000.bpmp: probe ok
[    0.226489] iommu: Adding device 2600000.dma to group 49
[    0.227255] GPIO line 459 (pcie-lane2-mux) hogged as output/low
[    0.227366] gpiochip_add_data: registered GPIOs 320 to 511 on device: tegra-gpio
[    0.229002] gpiochip_add_data: registered GPIOs 256 to 319 on device: tegra-gpio-aon
[    0.229744] iommu: Adding device 10003000.pcie-controller to group 50
[    0.230002] iommu: Adding device sound to group 51
[    0.231495] iommu: Adding device 3510000.hda to group 52
[    0.232456] iommu: Adding device adsp_audio to group 53
[    0.233629] iommu: Adding device 2993000.adsp to group 54
[    0.243412] vdd-ac-bat: 5000 mV 
[    0.245558] vdd-1v8-ap: 1800 mV 
[    0.264368] SCSI subsystem initialized
[    0.264548] libata version 3.00 loaded.
[    0.264730] usbcore: registered new interface driver usbfs
[    0.264805] usbcore: registered new interface driver hub
[    0.264920] usbcore: registered new device driver usb
[    0.270903] i2c i2c-2: of_i2c: modalias failure on /i2c@3180000/gpio@2200000
[    0.274649] regulator_get() failed for (6-0021,vcc), -19
[    0.274691] pca953x 6-0021: reg get err: -19
[    0.277261] regulator_get() failed for (8-0020,vcc), -19
[    0.277299] pca953x 8-0020: reg get err: -19
[    0.278063] media: Linux media interface: v0.10
[    0.278135] Linux video capture interface: v2.00
[    0.282182] pps_core: LinuxPPS API ver. 1 registered
[    0.282220] pps_core: Software ver. 5.3.6 - Copyright 2005-2007 Rodolfo Giometti <giometti@linux.it>
[    0.282317] PTP clock support registered
[    0.283230] tegra_wdt_t18x 30c0000.watchdog: Tegra WDT init timeout = 120 sec
[    0.283283] tegra_wdt_t18x 30c0000.watchdog: Registered successfully
[    0.284734] max77620 4-003c: PMIC Version OTP:0x4D and ES:0x1
[    0.287044] GPIO line 253 (spmic_gpio_input_5) hogged as input
[    0.287234] GPIO line 254 (spmic_gpio_input_6) hogged as input
[    0.287345] gpiochip_add_data: registered GPIOs 248 to 255 on device: max20024-gpio
[    0.294590] vddio-ddr: at 1125 mV 
[    0.298413] avdd_dsi_csi: 1200 mV 
[    0.302414] vdd-1v8: 1800 mV 
[    0.306407] vdd-3v3-sys: 3300 mV 
[    0.307041] max77620-sd4: at 600 mV 
[    0.307979] spmic-ldo0: at 1800 mV 
[    0.308752] spmic-ldo1: at 800 mV 
[    0.314407] vddio-3v3: 3300 mV 
[    0.315033] vddio-sdmmc1: 1800 <--> 3300 mV at 3300 mV 
[    0.317106] vdd-rtc: at 800 mV 
[    0.317779] avdd-ts-hv: 1800 <--> 3300 mV at 1800 mV 
[    0.321102] spmic-ldo6: at 1500 mV 
[    0.325101] vdd-pex-1v05: 1000 mV 
[    0.325634] dvdd-pex: 1000 mV 
[    0.325899] max77620 4-003c: max77620 probe successful
[    0.326159] Advanced Linux Sound Architecture Driver Initialized.
[    0.327160] en-vdd-sd: 3300 mV 
[    0.327318] en-vdd-cam: 1800 mV 
[    0.329590] vdd-hdmi: 5000 mV 
[    0.329762] vdd-usb0-5v: 5000 mV 
[    0.329938] vdd-usb1-5v: 5000 mV 
[    0.333589] en-vdd-ts-1v8: 1800 mV 
[    0.337587] en-vdd-ts-hv-3v3: 3300 mV 
[    0.337729] en-vdd-disp-3v3: 3300 mV 
[    0.337861] en-mdm-pwr-3v7: 3700 mV 
[    0.338010] en-vdd-disp-1v8: 1800 mV 
[    0.338143] en-vdd-cam-hv-2v8: 2800 mV 
[    0.338277] en-vdd-cam-1v2: 1200 mV 
[    0.338410] vdd-fan: 5000 mV 
[    0.338518] vdd-3v3: 3300 mV 
[    0.338652] dis-vdd-1v2: 1200 mV 
[    0.338770] en-vdd-vcm-2v8: 2800 mV 
[    0.338903] vdd-usb2-5v: 5000 mV 
[    0.339006] vdd-sys-bl: 3300 mV 
[    0.339136] en-vdd-sys: 1200 mV 
[    0.342365] extcon-gpio-states external-connection:extcon@1: Cable state 1
[    0.342796] clocksource: Switched to clocksource arch_sys_counter
[    0.362152] nvmap_heap_init: nvmap_heap_init: created heap block cache
[    0.362462] nvmap: nvmap_override_cache_ops() set roc flush ops to replace cache ops by set/ways
[    0.362984] nvmap_page_pool_init: Total RAM pages: 1752471
[    0.363005] nvmap_page_pool_init: nvmap page pool size: 219058 pages (855 MB)
[    0.363225] nvmap_background_zero_thread: PP zeroing thread starting.
[    0.367427] Wake76 for irq=199
[    0.367442] Wake77 for irq=199
[    0.367454] Wake78 for irq=199
[    0.367465] Wake79 for irq=199
[    0.367475] Wake80 for irq=199
[    0.367486] Wake81 for irq=199
[    0.367496] Wake82 for irq=199
[    0.368196] thermal thermal_zone0: Registering thermal zone thermal_zone0 for type BCPU-therm
[    0.368385] thermal thermal_zone1: Registering thermal zone thermal_zone1 for type MCPU-therm
[    0.368696] thermal thermal_zone2: Registering thermal zone thermal_zone2 for type GPU-therm
[    0.368774] thermal thermal_zone3: Registering thermal zone thermal_zone3 for type PLL-therm
[    0.368916] thermal thermal_zone4: Registering thermal zone thermal_zone4 for type Tboard_tegra
[    0.369061] thermal thermal_zone5: Registering thermal zone thermal_zone5 for type Tdiode_tegra
[    0.369196] thermal thermal_zone6: Registering thermal zone thermal_zone6 for type PMIC-Die
[    0.369419] isomgr_init(): iso emc max clk=1600000KHz
[    0.369432] isomgr_init(): max_iso_bw=7680000KB
[    0.369512] NET: Registered protocol family 2
[    0.369856] TCP established hash table entries: 65536 (order: 7, 524288 bytes)
[    0.370080] TCP bind hash table entries: 65536 (order: 8, 1048576 bytes)
[    0.370402] TCP: Hash tables configured (established 65536 bind 65536)
[    0.370462] UDP hash table entries: 4096 (order: 5, 131072 bytes)
[    0.370518] UDP-Lite hash table entries: 4096 (order: 5, 131072 bytes)
[    0.370684] NET: Registered protocol family 1
[    0.370889] RPC: Registered named UNIX socket transport module.
[    0.370904] RPC: Registered udp transport module.
[    0.370915] RPC: Registered tcp transport module.
[    0.370927] RPC: Registered tcp NFSv4.1 backchannel transport module.
[    0.370948] PCI: CLS 0 bytes, default 128
[    0.371046] Trying to unpack rootfs image as initramfs...
[    0.383879] host1x 13e10000.host1x: initialized
[    0.384705] hw perfevents: enabled with armv8_pmuv3 PMU driver, 7 counters available
[    0.386281] futex hash table entries: 2048 (order: 6, 262144 bytes)
[    0.386380] audit: initializing netlink subsys (disabled)
[    0.386411] audit: type=2000 audit(0.372:1): initialized
[    0.393598] io scheduler noop registered (default)
[    0.396503] tegra-pwm 3280000.pwm: PWM clk can sleep in ops
[    0.397681] tegra-pwm 3290000.pwm: PWM clk can sleep in ops
[    0.398728] tegra-pwm 32a0000.pwm: PWM clk can sleep in ops
[    0.399774] tegra-pwm c340000.pwm: PWM clk can sleep in ops
[    0.402318] tsec 15500000.tsec: initialized
[    0.403026] tsec 15100000.tsecb: initialized
[    0.404379] nvdec 15480000.nvdec: initialized
[    0.406893] falcon 15340000.vic: initialized
[    0.407583] falcon 154c0000.nvenc: initialized
[    0.408266] falcon 15380000.nvjpg: initialized
[    0.408985] iommu_context_dev 13e10000.host1x:ctx0: initialized (streamid=56)
[    0.409517] iommu_context_dev 13e10000.host1x:ctx1: initialized (streamid=57)
[    0.410046] iommu_context_dev 13e10000.host1x:ctx2: initialized (streamid=58)
[    0.410576] iommu_context_dev 13e10000.host1x:ctx3: initialized (streamid=59)
[    0.411119] iommu_context_dev 13e10000.host1x:ctx4: initialized (streamid=60)
[    0.411640] iommu_context_dev 13e10000.host1x:ctx5: initialized (streamid=61)
[    0.412166] iommu_context_dev 13e10000.host1x:ctx6: initialized (streamid=62)
[    0.412695] iommu_context_dev 13e10000.host1x:ctx7: initialized (streamid=63)
[    0.413840] DC OR NODE connected to /host1x/dsi
[    0.413964] tegra_camera_platform tegra-camera-platform: tegra_camera_probe:camera_platform_driver probe
[    0.414041] parse_disp_default_out: No parent clk. dft clk will be used.
[    0.414057] misc tegra_camera_ctrl: tegra_camera_isomgr_register tpg_max_iso = 3916800KBs
[    0.414079] misc tegra_camera_ctrl: tegra_camera_isomgr_register isp_iso_bw=3925327, vi_iso_bw=3000000, max_bw=3925327
[    0.414107] tegradc 15200000.nvdisplay: DT parsed successfully
[    0.414152] tegradc 15200000.nvdisplay: Display dc.ffffff80023c0000 registered with id=0
[    0.421056] __tegra_isomgr_register(): iso bandwidth 5924200KB is not available, client disp_0
[    0.421153] tegra_nvdisp_bandwidth_register_max_config: max config iso bw = 3136300 KB/s
[    0.421171] tegra_nvdisp_bandwidth_register_max_config: max config EMC floor = 102000000 Hz
[    0.421188] tegra_nvdisp_bandwidth_register_max_config: max config hubclk = 169820000 Hz
[    0.421231] tegradc 15200000.nvdisplay: vblank syncpt # 7 for dc 0
[    0.421247] tegradc 15200000.nvdisplay: vpulse3 syncpt # 8 for dc 0
[    0.421426] tegra-adma 2930000.adma: Tegra ADMA driver register 10 channels
[    0.423217] tegra-fuse-burn 3820000.efuse:efuse-burn: Fuse burn driver initialized
[    0.423511] kfuse 3830000.kfuse: initialized
[    0.423796] tegradc 15200000.nvdisplay: probed
[    0.424610] tegra-pmc-iopower pmc-iopower: NO_IOPOWER setting 0x0
[    0.425038] Serial: 8250/16550 driver, 4 ports, IRQ sharing disabled
[    0.426896] console [ttyS0] disabled
[    0.426947] 3100000.serial: ttyS0 at MMIO 0x3100000 (irq = 37, base_baud = 25500000) is a Tegra
[    2.382876] console [ttyS0] enabled
[    2.385083] 3110000.serial: ttyTHS1 at MMIO 0x3110000 (irq = 38, base_baud = 0) is a TEGRA_UART
[    2.386146] c280000.serial: ttyTHS2 at MMIO 0xc280000 (irq = 39, base_baud = 0) is a TEGRA_UART
[    2.386423] serial-tegra 3130000.serial: RX in PIO mode
[    2.387309] 3130000.serial: ttyTHS3 at MMIO 0x3130000 (irq = 40, base_baud = 0) is a TEGRA_UART
[    2.391274] Console: switching to colour frame buffer device 240x67
[    2.398193] brd: module loaded
[    2.403067] loop: module loaded
[    2.403280] nct1008_nct72 7-004c: find device tree node, parsing dt
[    2.403293] nct1008_nct72 7-004c: starting parse dt
[    2.403363] nct1008_nct72 7-004c: success parsing dt
[    2.403480] nct1008_nct72 7-004c: success in enabling tmp451 VDD rail
[    2.415062] gk20a 17000000.gp10b: failed to allocate secure buffer -12
[    2.439551] tmp451: Enabled overheat logging at 107.00C
[    2.439725] nct1008_nct72 7-004c: nct1008_probe: initialized
[    2.441733] THERMAL EST: found 3 subdevs
[    2.441745] THERMAL EST num_resources: 0
[    2.441755] [THERMAL EST subdev 0]
[    2.441780] [THERMAL EST subdev 1]
[    2.441784] [THERMAL EST subdev 2]
[    2.442150] thermal thermal_zone7: Registering thermal zone thermal_zone7 for type thermal-fan-est
[    2.442153] THERMAL EST: thz register success.
[    2.442294] THERMAL EST: end of probe, return err: 0
[    2.442348] tegra_profiler: Branch: Dev
[    2.442351] tegra_profiler: Version: 1.117
[    2.442353] tegra_profiler: Samples version: 41
[    2.442356] tegra_profiler: IO version: 22
[    2.442364] armv8_pmu: imp: 0x41, idcode: 0x1
[    2.442370] armv8_pmu: [0] arch: AA64 PmuV3 ARM CORTEX-A57, type: 5, ver: 0, pmu ver: 0x1
[    2.442374] armv8_pmu: imp: 0x4e, idcode: 0x1
[    2.442380] armv8_pmu: [1] arch: AA64 PmuV3 NVIDIA (Denver), type: 6, ver: 2, pmu ver: 0x1
[    2.442385] armv8_pmu: imp: 0x4e, idcode: 0x1
[    2.442390] armv8_pmu: [2] arch: AA64 PmuV3 NVIDIA (Denver), type: 6, ver: 2, pmu ver: 0x1
[    2.442421] armv8_pmu: imp: 0x41, idcode: 0x1
[    2.442425] armv8_pmu: [3] arch: AA64 PmuV3 ARM CORTEX-A57, type: 5, ver: 0, pmu ver: 0x1
[    2.442428] armv8_pmu: imp: 0x41, idcode: 0x1
[    2.442433] armv8_pmu: [4] arch: AA64 PmuV3 ARM CORTEX-A57, type: 5, ver: 0, pmu ver: 0x1
[    2.442436] armv8_pmu: imp: 0x41, idcode: 0x1
[    2.442441] armv8_pmu: [5] arch: AA64 PmuV3 ARM CORTEX-A57, type: 5, ver: 0, pmu ver: 0x1
[    2.442634] tegra_profiler: auth: init
[    2.443070] 6408+gmsl 6-0021: find device tree node, parsing dt
[    2.443077] 6408+gmsl 6-0021: ###fun gmsl_probe line 470
[    2.443083] 6408+gmsl 6-0021: ###fun gmsl_probe unum U45
[    2.443101] 6408+gmsl 6-0021: ###fun gmsl_probe uisee_6408_name uisee_6408_U45
[    2.443106] 6408+gmsl 6-0021: 1g_switch and lidar_switch init start
[    2.463211] 6408+gmsl 6-0021: 6408 setting finished!
[    2.463329] 6408+gmsl 8-0020: find device tree node, parsing dt
[    2.463332] 6408+gmsl 8-0020: ###fun gmsl_probe line 470
[    2.463335] 6408+gmsl 8-0020: ###fun gmsl_probe unum U58
[    2.463355] 6408+gmsl 8-0020: ###fun gmsl_probe uisee_6408_name uisee_6408_U58
[    2.463358] 6408+gmsl 8-0020: gmsl init start
[    2.463501] tegra-i2c 31e0000.i2c: no acknowledge from address 0x20
[    2.463652] 6408+gmsl 8-0020: tca6408_write_reg: err -121
[    2.463656] 6408+gmsl 8-0020: 
                exit c6408_setting, err=-121 
[    2.463671] 6408+gmsl 8-0020: 
                exit gmsl_probe, err=21028864 
[    2.463677] 6408+gmsl: probe of 8-0020 failed with error 21028864
[    2.466099] tegra-ahci 3507000.ahci-sata: AHCI 0001.0301 32 slots 2 ports 3 Gbps 0x1 impl platform mode
[    2.466105] tegra-ahci 3507000.ahci-sata: flags: 64bit ncq sntf pm led pmp pio slum part deso sadm apst 
[    2.466779] scsi host0: tegra_ahci
[    2.467043] scsi host1: tegra_ahci
[    2.467155] ata1: SATA max UDMA/133 mmio [mem 0x03507000-0x03508fff] port 0x100 irq 25
[    2.467157] ata2: DUMMY
[    2.467870] spi-tegra114 3210000.spi: Static pin configuration used
[    2.468182] spi-tegra114 c260000.spi: Static pin configuration used
[    2.468463] spi-tegra114 3240000.spi: Static pin configuration used
[    2.469064] tun: Universal TUN/TAP device driver, 1.6
[    2.469065] tun: (C) 1999-2004 Max Krasnyansky <maxk@qualcomm.com>
[    2.469160] vcan: Virtual CAN interface driver
[    2.469163] slcan: serial line CAN interface driver
[    2.469165] slcan: 10 dynamic interface channels.
[    2.469168] CAN device driver interface
[    2.469201] e1000e: Intel(R) PRO/1000 Network Driver - 3.2.6-k
[    2.469202] e1000e: Copyright(c) 1999 - 2015 Intel Corporation.
[    2.469227] igb: Intel(R) Gigabit Ethernet Network Driver - version 5.3.0-k
[    2.469229] igb: Copyright (c) 2007-2014 Intel Corporation.
[    2.470107] PPP generic driver version 2.4.2
[    2.470184] PPP BSD Compression module registered
[    2.470188] PPP Deflate Compression module registered
[    2.470203] PPP MPPE Compression module registered
[    2.470209] NET: Registered protocol family 24
[    2.470246] usbcore: registered new interface driver r8152
[    2.470274] usbcore: registered new interface driver asix
[    2.470299] usbcore: registered new interface driver ax88179_178a
[    2.470318] usbcore: registered new interface driver cdc_ether
[    2.470348] usbcore: registered new interface driver smsc95xx
[    2.470368] usbcore: registered new interface driver net1080
[    2.470391] usbcore: registered new interface driver cdc_subset
[    2.470411] usbcore: registered new interface driver zaurus
[    2.470443] usbcore: registered new interface driver cdc_ncm
[    2.470642] Wake76 for irq=199
[    2.470643] Wake77 for irq=199
[    2.470644] Wake78 for irq=199
[    2.470645] Wake79 for irq=199
[    2.470646] Wake80 for irq=199
[    2.470647] Wake81 for irq=199
[    2.470648] Wake82 for irq=199
[    2.470717] tegra-xotg xotg: usb2 phy is not available yet
[    2.471131] usbcore: registered new interface driver usb-storage
[    2.471179] usbcore: registered new interface driver usbserial
[    2.471197] usbcore: registered new interface driver ftdi_sio
[    2.471212] usbserial: USB Serial support registered for FTDI USB Serial Device
[    2.471230] usbcore: registered new interface driver option
[    2.471245] usbserial: USB Serial support registered for GSM modem (1-port)
[    2.471263] usbcore: registered new interface driver pl2303
[    2.471275] usbserial: USB Serial support registered for pl2303
[    2.471412] tegra-usb-cd usb_cd: otg phy is not available yet
[    2.474651] eqos 2490000.ether_qos: Setting local MAC: 0 4 4b ab fa 22
[    2.475463] libphy: dwc_phy: probed
[    2.492137] tegra-xudc-new 3550000.xudc: usb2 phy is not available yet
[    2.540197] bcm54xx_low_power_mode(): put phy in iddq-lp mode
[    2.623809] max77686-rtc max77620-rtc: rtc core: registered max77620-rtc as rtc0
[    2.625911] tegra_rtc c2a0000.rtc: rtc core: registered c2a0000.rtc as rtc1
[    2.625922] tegra_rtc c2a0000.rtc: Tegra internal Real Time Clock
[    2.626053] i2c /dev entries driver
[    2.626720] [OV490]: probing v4l2 sensor.
[    2.626833] ov490 2-005c: ov490_probe: line 980
[    2.627086] extract_pixel_format V4L2_PIX_FMT_Y12 *********************
[    2.627089] extract_pixel_format format Y12 (0x20323159)
[    2.627101] extract_pixel_format V4L2_PIX_FMT_Y12 *********************
[    2.627103] extract_pixel_format format Y12 (0x20323159)
[    2.627116] extract_pixel_format V4L2_PIX_FMT_Y12 *********************
[    2.627118] extract_pixel_format format Y12 (0x20323159)
[    2.627133] ov490 2-005c: ov490_ctrls_init++
[    2.639187] [OV490]: probing v4l2 sensor.
[    2.639294] ov490 2-005e: ov490_probe: line 980
[    2.639338] extract_pixel_format V4L2_PIX_FMT_Y12 *********************
[    2.639340] extract_pixel_format format Y12 (0x20323159)
[    2.639352] extract_pixel_format V4L2_PIX_FMT_Y12 *********************
[    2.639354] extract_pixel_format format Y12 (0x20323159)
[    2.639365] extract_pixel_format V4L2_PIX_FMT_Y12 *********************
[    2.639366] extract_pixel_format format Y12 (0x20323159)
[    2.639379] ov490 2-005e: ov490_ctrls_init++
[    2.651322] gspca_main: v2.14.0 registered
[    2.651362] usbcore: registered new interface driver gspca_zc3xx
[    2.651615] max77620-power max20024-power: Event recorder REG_NVERC : 0x0
[    2.653272] FAN dev name: pwm-fan
[    2.653309] FAN:gpio request success.
[    2.653315] FAN: can't find tach_gpio
[    2.653337] pwm_fan_driver pwm-fan: cap state:7, cap pwm:255
[    2.653489] pwm_fan_driver pwm-fan: got pwm for fan
[    2.653493] pwm_fan_driver pwm-fan: tach period: 1000
[    2.653758] pwm_fan_driver pwm-fan: index 0: pwm=0, rpm=0, rru=40, rrd=40, state:2
[    2.653762] pwm_fan_driver pwm-fan: index 1: pwm=80, rpm=1000, rru=2, rrd=2, state:2
[    2.653765] pwm_fan_driver pwm-fan: index 2: pwm=120, rpm=2000, rru=1, rrd=1, state:2
[    2.653768] pwm_fan_driver pwm-fan: index 3: pwm=160, rpm=3000, rru=1, rrd=1, state:2
[    2.653771] pwm_fan_driver pwm-fan: index 4: pwm=255, rpm=4000, rru=1, rrd=1, state:3
[    2.653774] pwm_fan_driver pwm-fan: index 5: pwm=255, rpm=5000, rru=1, rrd=1, state:3
[    2.653777] pwm_fan_driver pwm-fan: index 6: pwm=255, rpm=6000, rru=1, rrd=1, state:3
[    2.653779] pwm_fan_driver pwm-fan: index 7: pwm=255, rpm=7000, rru=1, rrd=1, state:4
[    2.653782] pwm_fan_driver pwm-fan: index 8: pwm=255, rpm=10000, rru=1, rrd=1, state:4
[    2.653785] pwm_fan_driver pwm-fan: index 9: pwm=255, rpm=11000, rru=1, rrd=1, state:4
[    2.654468] device-mapper: uevent: version 1.0.3
[    2.654628] device-mapper: ioctl: 4.34.0-ioctl (2015-10-28) initialised: dm-devel@redhat.com
[    2.654957] sdhci: Secure Digital Host Controller Interface driver
[    2.654958] sdhci: Copyright(c) Pierre Ossman
[    2.654963] sdhci-pltfm: SDHCI platform and OF driver helper
[    2.655215] sdhci-tegra 3460000.sdhci: Parent select= pll_p rate=408000000
[    2.655460] sdhci-tegra 3460000.sdhci: Parent select= pll_c4_out0 rate=196249804
[    2.655670] sdhci-tegra 3460000.sdhci: Client registration for eMC Successful
[    2.656730] tegra-se-elp 3ad0000.se_elp: tegra_se_elp_probe: complete
[    2.656844] hidraw: raw HID events driver (C) Jiri Kosina
[    2.658304] usbcore: registered new interface driver usbhid
[    2.658305] usbhid: USB HID core driver
[    2.662565] tegra-i2c 3160000.i2c: no acknowledge from address 0x42
[    2.662708] ina3221x 0-0042: ina3221 reset failure status: 0xffffff87
[    2.662827] ina3221x: probe of 0-0042 failed with error -121
[    2.663154] tegra-i2c 3160000.i2c: no acknowledge from address 0x43
[    2.663291] ina3221x 0-0043: ina3221 reset failure status: 0xffffff87
[    2.663384] ina3221x: probe of 0-0043 failed with error -121
[    2.663681] nvadsp 2993000.adsp: in probe()...
[    2.664550] nvadsp 2993000.adsp: Registering AMC Error Interrupt
[    2.664575] nvadsp 2993000.adsp: AMC/ARAM initialized.
[    2.664741] nvadsp 2993000.adsp: nvadsp_app_module_probe
[    2.678721] Denver: backdoor interface is NOT available.
[    2.680389] coresight-tmc 8030000.etf: TMC initialized
[    2.687388] coresight-tmc 8050000.etr: TMC initialized
[    2.687699] coresight-tpiu 8060000.tpiu: TPIU initialized
[    2.688127] coresight-funnel 9010000.funnel_bccplex: FUNNEL initialized
[    2.688505] coresight-funnel 8010000.funnel_major: FUNNEL initialized
[    2.688875] coresight-funnel 8820000.funnel_minor: FUNNEL initialized
[    2.689249] coresight-replicator 8040000.replicator: REPLICATOR initialized
[    2.689795] coresight-etm4x 9840000.ptm: ETM 4.0 initialized
[    2.690278] coresight-etm4x 9940000.ptm: ETM 4.0 initialized
[    2.690787] coresight-etm4x 9a40000.ptm: ETM 4.0 initialized
[    2.691303] coresight-etm4x 9b40000.ptm: ETM 4.0 initialized
[    2.691328] Module initialized successfully 
[    2.694027] tegra186-cam-rtcpu b000000.rtcpu: Trace buffer configured at IOVA=0xa0000000
[    2.694777] mmc0: SDHCI controller on 3460000.sdhci [3460000.sdhci] using ADMA 64-bit with 64 bit addr
[    2.694963] sdhci-tegra 3440000.sdhci: Parent select= pll_p rate=408000000
[    2.695113] tegra186-cam-rtcpu b000000.rtcpu: already unhalted
[    2.695233] sdhci-tegra 3440000.sdhci: Client registration for eMC Successful
[    2.695715] tegra-ivc ivc-b000000.rtcpu: region 0: iova=0xa0110000-0xa011957f size=38272
[    2.696065] tegra-ivc ivc-b000000.rtcpu:echo@0: echo: ver=0 grp=1 RX[16x64]=0x1000-0x1480 TX[16x64]=0x1480-0x1900
[    2.696118] tegra-ivc ivc-b000000.rtcpu:vinotify@12c0: vinotify: ver=0 grp=1 RX[64x128]=0x1900-0x3980 TX[64x128]=0x3980-0x5a00
[    2.696159] tegra-ivc ivc-b000000.rtcpu:mods@32c0: mods: ver=0 grp=1 RX[1x64]=0x5a00-0x5ac0 TX[1x64]=0x5ac0-0x5b80
[    2.696198] tegra-ivc ivc-b000000.rtcpu:ivccontrol@52c0: ivccontrol: ver=0 grp=1 RX[16x320]=0x5b80-0x7000 TX[16x320]=0x7000-0x8480
[    2.696235] tegra-ivc ivc-b000000.rtcpu:ivccapture@72c0: ivccapture: ver=0 grp=1 RX[16x64]=0x8480-0x8900 TX[16x64]=0x8900-0x8d80
[    2.696284] tegra-ivc ivc-b000000.rtcpu:dbg@7c00: dbg: ver=0 grp=1 RX[1x384]=0x8d80-0x8f80 TX[1x384]=0x8f80-0x9180
[    2.696320] tegra-ivc ivc-b000000.rtcpu:dbg@7e00: dbg: ver=0 grp=1 RX[1x384]=0x9180-0x9380 TX[1x384]=0x9380-0x9580
[    2.696451] tegra186-cam-rtcpu b000000.rtcpu: using cam RTCPU IRQ (52)
[    2.696454] tegra186-cam-rtcpu b000000.rtcpu: tegra_camrtc_mon_create is successful
[    2.696997] tegra-ivc ivc-b000000.rtcpu:echo@0: ivc channel driver missing
[    2.697000] tegra-ivc ivc-b000000.rtcpu:vinotify@12c0: ivc channel driver missing
[    2.697003] tegra-ivc ivc-b000000.rtcpu:mods@32c0: ivc channel driver missing
[    2.697005] tegra-ivc ivc-b000000.rtcpu:ivccontrol@52c0: ivc channel driver missing
[    2.697008] tegra-ivc ivc-b000000.rtcpu:ivccapture@72c0: ivc channel driver missing
[    2.697010] tegra-ivc ivc-b000000.rtcpu:dbg@7c00: ivc channel driver missing
[    2.697012] tegra-ivc ivc-b000000.rtcpu:dbg@7e00: ivc channel driver missing
[    2.697061] tegra186-cam-rtcpu b000000.rtcpu: firmware version cpu=sce cmd=4 sha1=a8b1ecdd9615cd817a56df035be363fce3b0b88f
[    2.699399] tegra-ivc-cdev ivc-b000000.rtcpu:echo@0: probing /dev/camchar-echo
[    2.699487] tegra-ivc-cdev ivc-b000000.rtcpu:dbg@7c00: probing /dev/camchar-dbg
[    2.699579] camchar: rtcpu character device driver loaded
[    2.701739] tegra186-aondbg aondbg: aondbg driver probe() OK
[    2.701976] register_ari_mca_banks: Registered MCA ROC:IOB
[    2.702056] register_ari_mca_banks: Registered MCA ROC:CCE
[    2.702390] tegra18-bridge 2390000.axi2apb: bridge probed OK
[    2.702416] tegra18-bridge 23a0000.axi2apb: bridge probed OK
[    2.702437] tegra18-bridge 23b0000.axi2apb: bridge probed OK
[    2.702459] tegra18-bridge 23c0000.axi2apb: bridge probed OK
[    2.702483] tegra18-bridge 23d0000.axi2apb: bridge probed OK
[    2.702505] tegra18-bridge 2100000.axip2p: bridge probed OK
[    2.702526] tegra18-bridge 2110000.axip2p: bridge probed OK
[    2.702547] tegra18-bridge 2120000.axip2p: bridge probed OK
[    2.702569] tegra18-bridge 2130000.axip2p: bridge probed OK
[    2.702590] tegra18-bridge 2140000.axip2p: bridge probed OK
[    2.702611] tegra18-bridge 2150000.axip2p: bridge probed OK
[    2.702632] tegra18-bridge 2160000.axip2p: bridge probed OK
[    2.702656] tegra18-bridge 2170000.axip2p: bridge probed OK
[    2.702678] tegra18-bridge 2180000.axip2p: bridge probed OK
[    2.702699] tegra18-bridge 2190000.axip2p: bridge probed OK
[    2.702744] **** A57 ECC: Enabled
[    2.702747] tegra18_a57_serr_init: on CPU 5 a A57 Core
[    2.702904] parse_throttle_dt_data: Num cap clks = 4
[    2.702907] parse_throttle_dt_data: clk=mcpu type=1
[    2.702909] parse_throttle_dt_data: clk=bcpu type=2
[    2.702915] parse_throttle_dt_data: clk=gpu type=4
[    2.702917] parse_throttle_dt_data: clk=emc type=3
[    2.703446] tegra_throttle_probe: probe successful. #cdevs=4
[    2.703527] tegra18x_actmon d230000.actmon: in actmon_register()...
[    2.703914] tegra18x_actmon d230000.actmon: initialization Completed for the device mc_all
[    2.710309] hw perfevents: enabled with denver15_uncore_pmu PMU driver, 3 counters available
[    2.734776] mmc1: SDHCI controller on 3440000.sdhci [3440000.sdhci] using ADMA 64-bit with 64 bit addr
[    2.734981] sdhci-tegra: probe of 3400000.sdhci failed with error -16
[    2.756747] mmc0: MAN_BKOPS_EN bit is not set
[    2.763876] mmc0: Skipping tuning since strobe enabled
[    2.771178] mmc0: periodic cache flush enabled
[    2.771186] mmc0: new HS400 MMC card at address 0001
[    2.771471] mmcblk0: mmc0:0001 032G34 29.1 GiB 
[    2.771585] mmcblk0boot0: mmc0:0001 032G34 partition 1 8.00 MiB
[    2.771686] mmcblk0boot1: mmc0:0001 032G34 partition 2 8.00 MiB
[    2.771791] mmcblk0rpmb: mmc0:0001 032G34 partition 3 4.00 MiB
[    2.773139]  mmcblk0: p1 p2 p3 p4 p5 p6 p7 p8 p9 p10 p11 p12 p13 p14 p15 p16 p17 p18 p19 p20 p21 p22 p23 p24 p25 p26 p27 p28 p29
[    2.794799] ata1: SATA link down (SStatus 0 SControl 300)
[    4.227361] tegradc 15200000.nvdisplay: fb registered
[    4.234048] PD DISP0 index2 UP
[    4.239695] PD DISP1 index3 UP
[    4.249147] tegradc 15200000.nvdisplay: DSI: HS clock rate is 445500
[    4.444869] tegra-se-nvhost 15810000.se: initialized
[    4.451806] tegra-se-nvhost 15810000.se: tegra_se_probe: complete
[    4.459742] tegra-se-nvhost 15820000.se: initialized
[    4.466516] tegra-se-nvhost 15820000.se: tegra_se_probe: complete
[    4.474356] tegra-se-nvhost 15830000.se: initialized
[    4.480852] tegra-se-nvhost 15830000.se: tegra_se_probe: complete
[    4.488752] tegra-se-nvhost 15840000.se: initialized
[    4.495417] tegra-se-nvhost 15840000.se: tegra_se_probe: complete
[    4.506061] tegra-gpcdma 2600000.dma: GPC DMA driver register 32 channels
[    4.517168] cpufreq: platform driver Initialization: pass
[    4.523889] tegra_cluster_clk e090000.cluster_clk_priv: in probe()...
[    4.531549] tegra_cluster_clk e090000.cluster_clk_priv: passed
[    4.538705] tegra186-padctl 3520000.pinctrl: padctl mmio start 0x0000000003520000 end 0x0000000003520fff
[    4.549339] tegra186-padctl 3520000.pinctrl: ao mmio start 0x0000000003540000 end 0x0000000003540fff
[    4.559694] tegra186-padctl 3520000.pinctrl: FUSE_SKU_USB_CALIB_0 0x2cb093
[    4.567536] tegra186-padctl 3520000.pinctrl: FUSE_USB_CALIB_EXT_0 0x9
[    4.576365] tegra186-padctl 3520000.pinctrl: using UTMI port 0 for otg
[    4.584519] tegra186-padctl 3520000.pinctrl: VBUS over-current detection enabled
[    4.593736] tegra-bpmp-thermal d000000.bpmp:bpmpthermal: zone 0 not supported
[    4.602190] tegra-bpmp-thermal d000000.bpmp:bpmpthermal: zone 3 not supported
[    4.612131] cpuidle: Initializing cpuidle driver init for Denver cluster
[    4.619902] cpuidle: Initializing cpuidle driver init for A57 cluster
[    4.628457] tachometer tegra-tachometer: Tachometer driver tegra-tachometer registered
[    4.637317] Tachometer driver initialized with pulse_per_rev: 2 and win_len: 2
[    4.650166] tegra210_adsp_audio_platform_probe: platform probe started
[    4.659972] tegra210-adsp adsp_audio: Default param-type to BYTE for mp3-dec1
[    4.662469] input: tegra-hda HDMI/DP,pcm=3 as /devices/3510000.hda/sound/card0/input0
[    4.662678] input: tegra-hda HDMI/DP,pcm=7 as /devices/3510000.hda/sound/card0/input1
[    4.687116] tegra210-adsp adsp_audio: Default param-type to BYTE for spkprot
[    4.696575] tegra210-adsp adsp_audio: Default param-type to BYTE for src
[    4.704709] tegra210-adsp adsp_audio: Default param-type to BYTE for aac-dec1
[    4.713266] tegra210-adsp adsp_audio: Default param-type to BYTE for aec
[    4.720955] tegra210-adsp adsp_audio: adma channel page address dt entry not found
[    4.729556] tegra210-adsp adsp_audio: using adma channel page 0
[    4.736564] tegra210_adsp_audio_platform_probe probe successfull.
[    4.755595] OPE platform probe
[    4.761261] OPE platform probe successful
[    4.861410] tegra-snd-t186ref-mobile-rt565x sound: ADMAIF1 <-> ADMAIF1 mapping ok
[    4.870215] tegra-snd-t186ref-mobile-rt565x sound: ADMAIF2 <-> ADMAIF2 mapping ok
[    4.878903] tegra-snd-t186ref-mobile-rt565x sound: ADMAIF3 <-> ADMAIF3 mapping ok
[    4.887546] tegra-snd-t186ref-mobile-rt565x sound: ADMAIF4 <-> ADMAIF4 mapping ok
[    4.896181] tegra-snd-t186ref-mobile-rt565x sound: ADMAIF5 <-> ADMAIF5 mapping ok
[    4.904826] tegra-snd-t186ref-mobile-rt565x sound: ADMAIF6 <-> ADMAIF6 mapping ok
[    4.913455] tegra-snd-t186ref-mobile-rt565x sound: ADMAIF7 <-> ADMAIF7 mapping ok
[    4.922087] tegra-snd-t186ref-mobile-rt565x sound: ADMAIF8 <-> ADMAIF8 mapping ok
[    4.930693] tegra-snd-t186ref-mobile-rt565x sound: ADMAIF9 <-> ADMAIF9 mapping ok
[    4.939275] tegra-snd-t186ref-mobile-rt565x sound: ADMAIF10 <-> ADMAIF10 mapping ok
[    4.947992] tegra-snd-t186ref-mobile-rt565x sound: ADMAIF11 <-> ADMAIF11 mapping ok
[    4.956701] tegra-snd-t186ref-mobile-rt565x sound: ADMAIF12 <-> ADMAIF12 mapping ok
[    4.965374] tegra-snd-t186ref-mobile-rt565x sound: ADMAIF13 <-> ADMAIF13 mapping ok
[    4.974048] tegra-snd-t186ref-mobile-rt565x sound: ADMAIF14 <-> ADMAIF14 mapping ok
[    4.982737] tegra-snd-t186ref-mobile-rt565x sound: ADMAIF15 <-> ADMAIF15 mapping ok
[    4.991419] tegra-snd-t186ref-mobile-rt565x sound: ADMAIF16 <-> ADMAIF16 mapping ok
[    5.000081] tegra-snd-t186ref-mobile-rt565x sound: ADMAIF17 <-> ADMAIF17 mapping ok
[    5.008739] tegra-snd-t186ref-mobile-rt565x sound: ADMAIF18 <-> ADMAIF18 mapping ok
[    5.017399] tegra-snd-t186ref-mobile-rt565x sound: ADMAIF19 <-> ADMAIF19 mapping ok
[    5.026019] tegra-snd-t186ref-mobile-rt565x sound: ADMAIF20 <-> ADMAIF20 mapping ok
[    5.038863] tegra-snd-t186ref-mobile-rt565x sound: ADSP-FE1 <-> ADSP PCM1 mapping ok
[    5.047571] tegra-snd-t186ref-mobile-rt565x sound: ADSP-FE2 <-> ADSP PCM2 mapping ok
[    5.056143] compress asoc: ADSP-FE3 <-> ADSP COMPR1 mapping ok
[    5.062831] compress asoc: ADSP-FE4 <-> ADSP COMPR2 mapping ok
[    5.107200] input: tegra-snd-t186ref-mobile-rt565x Headphone Jack as /devices/sound/sound/card1/input2
[    5.118149] tegra-snd-t186ref-mobile-rt565x sound: codec-dai "dit-hifi" registered
[    5.126557] tegra-snd-t186ref-mobile-rt565x sound: This is a dummy codec
[    5.134611] GACT probability NOT on
[    5.138948] Mirror/redirect action on
[    5.143445] u32 classifier
[    5.146954]     Actions configured
[    5.151195] nf_conntrack version 0.5.0 (65536 buckets, 262144 max)
[    5.159021] ipip: IPv4 over IPv4 tunneling driver
[    5.164945] Initializing XFRM netlink socket
[    5.171629] NET: Registered protocol family 10
[    5.177623] ip6_tables: (C) 2000-2006 Netfilter Core Team
[    5.183951] NET: Registered protocol family 17
[    5.189223] NET: Registered protocol family 15
[    5.194496] bridge: automatic filtering via arp/ip/ip6tables has been deprecated. Update your scripts to load br_netfilter if you need this.
[    5.207936] can: controller area network core (rev 20120528 abi 9)
[    5.215009] NET: Registered protocol family 29
[    5.220307] can: raw protocol (rev 20120528)
[    5.225419] can: broadcast manager protocol (rev 20120528 t)
[    5.231923] can: netlink gateway (rev 20130117) max_hops=1
[    5.238385] 8021q: 802.1Q VLAN Support v1.8
[    5.243723] Registered cp15_barrier emulation handler
[    5.249681] Registered setend emulation handler
[    5.257041] registered taskstats version 1
[    5.262728] Key type encrypted registered
[    5.270735] isp 15600000.isp: initialized
[    5.279339] nvcsi 150c0000.nvcsi: initialized
[    5.285321] Wake76 for irq=199
[    5.289529] Wake77 for irq=199
[    5.293650] Wake78 for irq=199
[    5.297781] Wake79 for irq=199
[    5.301889] Wake80 for irq=199
[    5.306020] Wake81 for irq=199
[    5.310117] Wake82 for irq=199
[    5.314474] xhci-tegra 3530000.xhci: UTMI port 0 has OTG_CAP
[    5.321206] xhci-tegra 3530000.xhci: No USB3 port has OTG_CAP
[    5.350848] xhci-tegra 3530000.xhci: Direct firmware load for tegra18x_xusb_firmware failed with error -2
[    5.361748] spi-tegra114 3210000.spi: Static pin configuration used
[    5.369212] xhci-tegra 3530000.xhci: Falling back to user helper
[    5.377053] spi-tegra114 c260000.spi: Static pin configuration used
[    5.385224] spi-tegra114 3240000.spi: Static pin configuration used
[    5.393472] tegra-xotg xotg: OTG rev:0200, ADP:0, SRP:1, HNP:1, RSP:0
[    5.401097] tegra-xotg xotg: update_id_state: ID floating
[    5.407661] tegra-xotg xotg: update_vbus_state: VBUS detected
[    5.414578] tegra-xotg xotg: Nvidia XUSB OTG Controller
[    5.422517] tegra-xotg xotg: otg: gadget gadget registered
[    5.429204] tegra-xotg xotg: set gadget otg_caps from OTG controller
[    5.436766] tegra-xotg xotg: otg: host not registered yet
[    5.443374] tegra-xotg xotg: otg: start OTG finite state machine
[    5.450750] tegra-xudc-new 3550000.xudc: entering ELPG
[    5.457992] tegra-xudc-new 3550000.xudc: entering ELPG done
[    5.458451] input: gpio-keys as /devices/gpio-keys/input/input3
[    5.491888] tegra_rtc c2a0000.rtc: setting system clock to 2019-08-06 10:16:08 UTC (1565086568)
[    5.523237] bpmp: mounted debugfs mirror
[    5.529042] [dram-timers] DRAM derating cdev registered.
[    5.539653] spmic-ldo0: disabling
[    5.541984] tegra-vi4 15700000.vi: initialized
[    5.543148] tegra-vi4 15700000.vi: subdev 150c0000.nvcsi-0 bound
[    5.543152] tegra-vi4 15700000.vi: subdev ov490 2-005c bound
[    5.543438] tegra-vi4 15700000.vi: subdev 150c0000.nvcsi-2 bound
[    5.543441] tegra-vi4 15700000.vi: subdev ov490 2-005e bound
[    5.579354] spmic-ldo1: disabling
[    5.583935] vddio-sdmmc1: disabling
[    5.588575] en-vdd-sd: disabling
[    5.592758] en-vdd-cam: disabling
[    5.597031] vdd-usb0-5v: disabling
[    5.601360] vdd-usb1-5v: disabling
[    5.605683] en-vdd-disp-3v3: disabling
[    5.610357] en-mdm-pwr-3v7: disabling
[    5.614932] en-vdd-disp-1v8: disabling
[    5.619585] en-vdd-cam-hv-2v8: disabling
[    5.624410] en-vdd-cam-1v2: disabling
[    5.628966] vdd-fan: disabling
[    5.632907] vdd-3v3: disabling
[    5.636829] en-vdd-vcm-2v8: disabling
[    5.641370] vdd-usb2-5v: disabling
[    5.645608] vdd-sys-bl: disabling
[    5.649722] en-vdd-sys: disabling
[    5.660141] ALSA device list:
[    5.663939]   #0: tegra-hda at 0x3518000 irq 400
[    5.669375]   #1: tegra-snd-t186ref-mobile-rt565x
[    5.708516] EXT4-fs (mmcblk0p1): recovery complete
[    5.715322] EXT4-fs (mmcblk0p1): mounted filesystem with ordered data mode. Opts: (null)
[    5.724305] VFS: Mounted root (ext4 filesystem) on device 179:1.
[    5.733748] devtmpfs: mounted
[    5.737937] Freeing unused kernel memory: 1152K (ffffffc001136000 - ffffffc001256000)
[    5.746724] Freeing alternatives memory: 96K (ffffffc001256000 - ffffffc00126e000)
[    5.761421] btb inv war enabled
[    5.824077] random: systemd: uninitialized urandom read (16 bytes read, 99 bits of entropy available)
[    5.836035] random: systemd: uninitialized urandom read (16 bytes read, 99 bits of entropy available)
[    5.847124] systemd[1]: systemd 229 running in system mode. (+PAM +AUDIT +SELINUX +IMA +APPARMOR +SMACK +SYSVINIT +UTMP +LIBCRYPTSETUP +GCRYPT +GNUTLS +ACL +XZ -LZ4 +SECCOMP +BLKID +ELFUTILS +KMOD -IDN)
[    5.866927] systemd[1]: Detected architecture arm64.
[    5.884936] systemd[1]: Set hostname to <master>.
[    5.904260] random: systemd: uninitialized urandom read (16 bytes read, 101 bits of entropy available)
[    5.905599] random: systemd-gpt-aut: uninitialized urandom read (16 bytes read, 101 bits of entropy available)
[    5.905674] random: systemd-gpt-aut: uninitialized urandom read (16 bytes read, 101 bits of entropy available)
[    5.905698] random: systemd-gpt-aut: uninitialized urandom read (16 bytes read, 101 bits of entropy available)
[    5.905805] random: systemd-gpt-aut: uninitialized urandom read (16 bytes read, 101 bits of entropy available)
[    5.925968] random: systemd-gpt-aut: uninitialized urandom read (16 bytes read, 103 bits of entropy available)
[    5.926069] random: systemd-gpt-aut: uninitialized urandom read (16 bytes read, 103 bits of entropy available)
[    5.926225] random: systemd-gpt-aut: uninitialized urandom read (16 bytes read, 103 bits of entropy available)
[    6.000811] tegra186-padctl 3520000.pinctrl: tegra18x_phy_xusb_utmi_pad_dcd: DCD timeout 418 ms
[    6.050850] tegra-usb-cd usb_cd: notification status (0x0, 0x1)
[    6.054129] systemd[1]: Configuration file /etc/systemd/system/uisee_log_daemon.service is marked executable. Please remove executable permission bits. Proceeding anyway.
[    6.058956] systemd[1]: Configuration file /etc/systemd/system/uisee_gps_dispatch.service is marked executable. Please remove executable permission bits. Proceeding anyway.
[    6.064213] systemd[1]: Listening on Journal Socket (/dev/log).
[    6.097577] tegra-usb-cd usb_cd: set current 0ma
[    6.097590] tegra-xudc-new 3550000.xudc: exiting ELPG
[    6.098557] tegra-xudc-new 3550000.xudc: exiting ELPG done
[    6.098561] tegra-xudc-new 3550000.xudc: device mode on
[    6.125913] systemd[1]: Listening on Journal Audit Socket.
[    6.134596] systemd[1]: Listening on /dev/initctl Compatibility Named Pipe.
[    6.144766] systemd[1]: Listening on udev Kernel Socket.
[    6.153247] systemd[1]: Reached target Encrypted Volumes.
[    6.161949] systemd[1]: Reached target Swap.
[    6.169506] systemd[1]: Created slice User and Session Slice.
[    6.178548] systemd[1]: Reached target Remote File Systems (Pre).
[    6.188025] systemd[1]: Reached target Remote File Systems.
[    6.197226] systemd[1]: Listening on udev Control Socket.
[    6.205806] systemd[1]: Listening on Journal Socket.
[    6.213850] systemd[1]: Created slice System Slice.
[    6.224876] systemd[1]: Starting Journal Service...
[    6.234256] systemd[1]: Mounting Debug File System...
[    6.245098] systemd[1]: Starting Load Kernel Modules...
[    6.255180] systemd[1]: Starting Create list of required static device nodes for the current kernel...
[    6.268703] systemd[1]: Starting Remount Root and Kernel File Systems...
[    6.278558] systemd[1]: Reached target Slices.
[    6.289188] systemd[1]: Created slice system-serial\x2dgetty.slice.
[    6.298579] systemd[1]: Started Forward Password Requests to Wall Directory Watch.
[    6.311302] systemd[1]: Mounted Debug File System.
[    6.319187] systemd[1]: Started Journal Service.
[    6.399404] systemd-journald[281]: Received request to flush runtime journal from PID 1
[    6.522786] random: nonblocking pool is initialized
[    6.581738] tegra-pcie 10003000.pcie-controller: 4x1, 1x1 configuration
[    6.593277] tegra-pcie 10003000.pcie-controller: PCIE: Enable power rails
[    6.608760] tegra-pcie 10003000.pcie-controller: probing port 0, using 4 lanes
[    6.618472] xhci-tegra 3530000.xhci: cannot find firmware....retry after 1 second
[    6.630122] tegra-pcie 10003000.pcie-controller: probing port 2, using 1 lanes
[    6.806950] EXT4-fs (mmcblk0p29): recovery complete
[    6.814695] EXT4-fs (mmcblk0p29): mounted filesystem with ordered data mode. Opts: (null)
[    6.836751] cfg80211: World regulatory domain updated:
[    6.844253] cfg80211:  DFS Master region: unset
[    6.844253] cfg80211:   (start_freq - end_freq @ bandwidth), (max_antenna_gain, max_eirp), (dfs_cac_time)
[    6.844257] cfg80211:   (2402000 KHz - 2472000 KHz @ 40000 KHz), (N/A, 2000 mBm), (N/A)
[    6.844259] cfg80211:   (2457000 KHz - 2482000 KHz @ 40000 KHz), (N/A, 2000 mBm), (N/A)
[    6.844261] cfg80211:   (2474000 KHz - 2494000 KHz @ 20000 KHz), (N/A, 2000 mBm), (N/A)
[    6.844264] cfg80211:   (5170000 KHz - 5250000 KHz @ 80000 KHz, 160000 KHz AUTO), (N/A, 2000 mBm), (N/A)
[    6.844266] cfg80211:   (5250000 KHz - 5330000 KHz @ 80000 KHz, 160000 KHz AUTO), (N/A, 2000 mBm), (0 s)
[    6.844268] cfg80211:   (5490000 KHz - 5730000 KHz @ 160000 KHz), (N/A, 2000 mBm), (0 s)
[    6.844269] cfg80211:   (5735000 KHz - 5835000 KHz @ 80000 KHz), (N/A, 2000 mBm), (N/A)
[    6.844271] cfg80211:   (57240000 KHz - 63720000 KHz @ 2160000 KHz), (N/A, 0 mBm), (N/A)
[    7.022793] IPv6: ADDRCONF(NETDEV_UP): eth0: link is not ready
[    7.084836] tegra-pcie 10003000.pcie-controller: link 0 down, retrying
[    7.494793] tegra-pcie 10003000.pcie-controller: link 0 down, retrying
[    7.636397] xhci-tegra 3530000.xhci: Firmware timestamp: 2017-03-31 06:21:56 UTC, Version: 55.07 release
[    7.649398] xhci-tegra 3530000.xhci: xHCI Host Controller
[    7.656523] xhci-tegra 3530000.xhci: new USB bus registered, assigned bus number 1
[    7.666621] xhci-tegra 3530000.xhci: hcc params 0x0184fd25 hci version 0x100 quirks 0x00010810
[    7.666648] xhci-tegra 3530000.xhci: irq 59, io mem 0x03530000
[    7.666741] usb usb1: New USB device found, idVendor=1d6b, idProduct=0002
[    7.666744] usb usb1: New USB device strings: Mfr=3, Product=2, SerialNumber=1
[    7.666747] usb usb1: Product: xHCI Host Controller
[    7.666748] usb usb1: Manufacturer: Linux 4.4.38+ xhci-hcd
[    7.666750] usb usb1: SerialNumber: 3530000.xhci
[    7.668252] hub 1-0:1.0: USB hub found
[    7.668271] hub 1-0:1.0: 4 ports detected
[    7.686802] xhci-tegra 3530000.xhci: xHCI Host Controller
[    7.686810] xhci-tegra 3530000.xhci: new USB bus registered, assigned bus number 2
[    7.686959] usb usb2: New USB device found, idVendor=1d6b, idProduct=0003
[    7.686962] usb usb2: New USB device strings: Mfr=3, Product=2, SerialNumber=1
[    7.686964] usb usb2: Product: xHCI Host Controller
[    7.686966] usb usb2: Manufacturer: Linux 4.4.38+ xhci-hcd
[    7.686968] usb usb2: SerialNumber: 3530000.xhci
[    7.687290] hub 2-0:1.0: USB hub found
[    7.687313] hub 2-0:1.0: 3 ports detected
[    7.687696] tegra-xotg xotg: otg: host 3530000.xhci registered
[    7.787007] xhci-tegra 3530000.xhci: entering ELPG
[    7.793370] xhci-tegra 3530000.xhci: entering ELPG done
[    7.875426] tegradc 15200000.nvdisplay: blank - powerdown
[    7.932588] tegra-pcie 10003000.pcie-controller: link 0 down, retrying
[    7.934601] tegra-pcie 10003000.pcie-controller: link 0 down, ignoring
[    7.934841] tegra-pcie 10003000.pcie-controller: PCI host bridge to bus 0000:00
[    7.934845] pci_bus 0000:00: root bus resource [mem 0x50100000-0x57ffffff]
[    7.934848] pci_bus 0000:00: root bus resource [mem 0x58000000-0x7fffffff pref]
[    7.934851] pci_bus 0000:00: root bus resource [bus 00-ff]
[    7.934853] pci_bus 0000:00: root bus resource [io  0x1000-0xffff]
[    7.934879] pci 0000:00:03.0: [10de:10e6] type 01 class 0x060400
[    7.934954] pci 0000:00:03.0: PME# supported from D0 D1 D2 D3hot D3cold
[    7.935100] iommu: Adding device 0000:00:03.0 to group 55
[    7.935170] pci 0000:00:03.0: bridge configuration invalid ([bus 00-00]), reconfiguring
[    7.935285] pci 0000:01:00.0: [168c:003e] type 00 class 0x028000
[    7.935328] pci 0000:01:00.0: reg 0x10: [mem 0x00000000-0x001fffff 64bit]
[    7.935442] pci 0000:01:00.0: PME# supported from D0 D3hot D3cold
[    7.935577] iommu: Adding device 0000:01:00.0 to group 56
[    7.935616] pci_bus 0000:01: busn_res: [bus 01-ff] end is updated to 01
[    7.935622] PCIE: ASPM not enabled
[    7.935645] pci 0000:00:03.0: BAR 8: assigned [mem 0x50200000-0x503fffff]
[    7.935649] pci 0000:01:00.0: BAR 0: assigned [mem 0x50200000-0x503fffff 64bit]
[    7.935663] pci 0000:00:03.0: PCI bridge to [bus 01]
[    7.935668] pci 0000:00:03.0:   bridge window [mem 0x50200000-0x503fffff]
[    7.935732] pcieport 0000:00:03.0: enabling device (0000 -> 0002)
[    7.935804] pcieport 0000:00:03.0: Signaling PME through PCIe PME interrupt
[    7.935806] pci 0000:01:00.0: Signaling PME through PCIe PME interrupt
[    7.935810] pcie_pme 0000:00:03.0:pcie01: service driver pcie_pme loaded
[    7.935881] aer 0000:00:03.0:pcie02: service driver aer loaded
[    8.005693] PD DISP1 index3 DOWN
[    8.005807] PD DISP0 index2 DOWN
[    8.183330] tegradc 15200000.nvdisplay: unblank
[    8.183338] PD DISP0 index2 UP
[    8.184280] PD DISP1 index3 UP
[    8.188380] tegradc 15200000.nvdisplay: DSI: HS clock rate is 445500
[    9.391955] tegradc 15200000.nvdisplay: unblank
[    9.548823] pcieport 0000:00:03.0: AER: Multiple Corrected error received: id=0060
[    9.556471] pcieport 0000:00:03.0: PCIe Bus Error: severity=Corrected, type=Physical Layer, id=0018(Receiver ID)
[    9.566662] pcieport 0000:00:03.0:   device [10de:10e6] error status/mask=00000001/00002000
[    9.575110] pcieport 0000:00:03.0:    [ 0] Receiver Error         (First)
[    9.581980] pcieport 0000:00:03.0: AER: Multiple Corrected error received: id=0060
[    9.589575] pcieport 0000:00:03.0: can't find device of ID0060
[    9.595426] pcieport 0000:00:03.0: AER: Multiple Corrected error received: id=0060
[    9.603017] pcieport 0000:00:03.0: can't find device of ID0060
[    9.608864] pcieport 0000:00:03.0: AER: Multiple Corrected error received: id=0060
[    9.616455] pcieport 0000:00:03.0: can't find device of ID0060
[    9.622300] pcieport 0000:00:03.0: AER: Multiple Corrected error received: id=0060
[    9.629884] pcieport 0000:00:03.0: can't find device of ID0060
[    9.635789] pcieport 0000:00:03.0: AER: Multiple Corrected error received: id=0060
[    9.643384] pcieport 0000:00:03.0: can't find device of ID0060
[    9.649231] pcieport 0000:00:03.0: AER: Multiple Corrected error received: id=0060
[    9.656818] pcieport 0000:00:03.0: can't find device of ID0060
[    9.662668] pcieport 0000:00:03.0: AER: Multiple Corrected error received: id=0060
[    9.670255] pcieport 0000:00:03.0: can't find device of ID0060
[    9.676097] pcieport 0000:00:03.0: AER: Multiple Corrected error received: id=0060
[    9.683747] pcieport 0000:00:03.0: can't find device of ID0060
[    9.689592] pcieport 0000:00:03.0: AER: Multiple Corrected error received: id=0060
[    9.697177] pcieport 0000:00:03.0: can't find device of ID0060
[    9.703027] pcieport 0000:00:03.0: AER: Multiple Corrected error received: id=0060
[    9.710618] pcieport 0000:00:03.0: can't find device of ID0060
[    9.824562] tegradc 15200000.nvdisplay: blank - powerdown
[    9.921044] eqos 2490000.ether_qos eth0: Link is Up - 1Gbps/Full - flow control rx/tx
[    9.922316] IPv6: ADDRCONF(NETDEV_CHANGE): eth0: link becomes ready
[    9.950298] PD DISP1 index3 DOWN
[    9.950409] PD DISP0 index2 DOWN
[    9.987632] tegradc 15200000.nvdisplay: unblank
[    9.987644] PD DISP0 index2 UP
[    9.988604] PD DISP1 index3 UP
[    9.992823] tegradc 15200000.nvdisplay: DSI: HS clock rate is 445500
[   11.262070] pcieport 0000:00:03.0: AER: Multiple Uncorrected (Non-Fatal) error received: id=0060
[   11.270968] pcieport 0000:00:03.0: PCIe Bus Error: severity=Uncorrected (Non-Fatal), type=Transaction Layer, id=0018(Requester ID)
[   11.282892] pcieport 0000:00:03.0:   device [10de:10e6] error status/mask=00004000/00000000
[   11.291316] pcieport 0000:00:03.0:    [14] Completion Timeout     (First)
[   11.291325] pcieport 0000:00:03.0: broadcast error_detected message
[   11.291328] pcieport 0000:00:03.0: AER: Device recovery failed
[   11.291332] pcieport 0000:00:03.0: AER: Multiple Uncorrected (Non-Fatal) error received: id=0060
[   11.291343] pcieport 0000:00:03.0: PCIe Bus Error: severity=Uncorrected (Non-Fatal), type=Transaction Layer, id=0018(Requester ID)
[   11.291346] pcieport 0000:00:03.0:   device [10de:10e6] error status/mask=00004000/00000000
[   11.291348] pcieport 0000:00:03.0:    [14] Completion Timeout     (First)
[   11.291354] pcieport 0000:00:03.0: broadcast error_detected message
[   11.291355] pcieport 0000:00:03.0: AER: Device recovery failed
[   11.320834] gk20a 17000000.gp10b: railgate is disabled.
[   11.321544] core_bw_settings_store: failed to reserve 8363500 KB/s
[   11.394806] CPU1: shutdown
[   11.397543] psci: CPU1 killed.
[   11.424164] CPU2: shutdown
[   11.426902] psci: CPU2 killed.
[   11.426911] tegradc 15200000.nvdisplay: blank - powerdown
[   11.554347] PD DISP1 index3 DOWN
[   11.554439] PD DISP0 index2 DOWN
[   11.570148] tegradc 15200000.nvdisplay: unblank
[   11.570155] PD DISP0 index2 UP
[   11.571956] PD DISP1 index3 UP
[   11.575789] tegradc 15200000.nvdisplay: DSI: HS clock rate is 445500
[   12.776101] tegradc 15200000.nvdisplay: unblank
[   13.330629] fuse init (API version 7.23)
[   14.724126] xhci-tegra 3530000.xhci: exiting ELPG
[   14.751207] xhci-tegra 3530000.xhci: Firmware timestamp: 2017-03-31 06:21:56 UTC, Version: 55.07 release
[   14.763619] xhci-tegra 3530000.xhci: exiting ELPG done
[   14.982859] usb 1-3: new high-speed USB device number 2 using xhci-tegra
[   15.116309] usb 1-3: New USB device found, idVendor=12d1, idProduct=15c1
[   15.123057] usb 1-3: New USB device strings: Mfr=1, Product=2, SerialNumber=3
[   15.130297] usb 1-3: Product: HUAWEI Mobile V7R11
[   15.135105] usb 1-3: Manufacturer: Huawei Technologies Co., Ltd.
[   15.141172] usb 1-3: SerialNumber: 0123456789ABCDEF
[   15.147045] xhci-tegra 3530000.xhci: tegra_xhci_mbox_work mailbox command 6
[   15.158043] cdc_ether 1-3:2.0 usb0: register 'cdc_ether' at usb-3530000.xhci-3, CDC Ethernet Device, 02:1e:10:1f:00:00
[   15.177348] option 1-3:2.2: GSM modem (1-port) converter detected
[   15.183768] usb 1-3: GSM modem (1-port) converter now attached to ttyUSB0
[   15.191001] option 1-3:2.3: GSM modem (1-port) converter detected
[   15.197334] usb 1-3: GSM modem (1-port) converter now attached to ttyUSB1
[   15.204511] option 1-3:2.4: GSM modem (1-port) converter detected
[   15.210752] usb 1-3: GSM modem (1-port) converter now attached to ttyUSB2
[   15.217874] option 1-3:2.5: GSM modem (1-port) converter detected
[   15.224107] usb 1-3: GSM modem (1-port) converter now attached to ttyUSB3
[   15.231279] option 1-3:2.6: GSM modem (1-port) converter detected
[   15.237523] usb 1-3: GSM modem (1-port) converter now attached to ttyUSB4
[   15.592059] ip_tables: (C) 2000-2006 Netfilter Core Team
[   15.649280] pcieport 0000:00:03.0: AER: Multiple Uncorrected (Non-Fatal) error received: id=0060
[   15.649294] pcieport 0000:00:03.0: PCIe Bus Error: severity=Uncorrected (Non-Fatal), type=Transaction Layer, id=0018(Requester ID)
[   15.649298] pcieport 0000:00:03.0:   device [10de:10e6] error status/mask=00004000/00000000
[   15.649302] pcieport 0000:00:03.0:    [14] Completion Timeout     (First)
[   15.649309] pcieport 0000:00:03.0: broadcast error_detected message
[   15.649312] pcieport 0000:00:03.0: AER: Device recovery failed
[   15.649324] iommu: Removing device 0000:01:00.0 from group 56
[   15.649448] pci_bus 0000:01: busn_res: [bus 01] end is updated to 01
[   15.649478] pcieport 0000:00:03.0: AER: Uncorrected (Non-Fatal) error received: id=0060
[   15.649489] pcieport 0000:00:03.0: PCIe Bus Error: severity=Uncorrected (Non-Fatal), type=Transaction Layer, id=0018(Requester ID)
[   15.649493] pcieport 0000:00:03.0:   device [10de:10e6] error status/mask=00004000/00000000
[   15.649496] pcieport 0000:00:03.0:    [14] Completion Timeout     (First)
[   15.649502] pcieport 0000:00:03.0: broadcast error_detected message
[   15.649505] pcieport 0000:00:03.0: broadcast mmio_enabled message
[   15.649507] pcieport 0000:00:03.0: broadcast resume message
[   15.649512] pcieport 0000:00:03.0: AER: Device recovery successful
[   16.409960] xhci-tegra 3530000.xhci: tegra_xhci_mbox_work mailbox command 5
[   16.416991] xhci-tegra 3530000.xhci: tegra_xhci_mbox_work ignore firmware MBOX_CMD_DEC_SSPI_CLOCK request
====== dmesg master end ======

====== dmesg slave start ======
[    0.000000] Booting Linux on physical CPU 0x100
[    0.000000] Initializing cgroup subsys cpuset
[    0.000000] Initializing cgroup subsys cpu
[    0.000000] Initializing cgroup subsys cpuacct
[    0.000000] Linux version 4.4.38+ (zxp@zxp-ThinkPad-T470) (gcc version 6.4.1 20171012 (Linaro GCC 6.4-2017.11) ) #5 SMP PREEMPT Tue Jul 2 10:22:22 CST 2019
[    0.000000] Boot CPU: AArch64 Processor [411fd073]
[    0.000000] earlycon: Early serial console at MMIO32 0x3100000 (options '')
[    0.000000] bootconsole [uart0] enabled
[    0.000000] Reserved memory: initialized node ramoops_carveout, compatible id nvidia,ramoops
[    0.000000] cma: Reserved 64 MiB at 0x00000000fc000000
[    0.000000] On node 0 totalpages: 1789952
[    0.000000]   DMA zone: 8192 pages used for memmap
[    0.000000]   DMA zone: 0 pages reserved
[    0.000000]   DMA zone: 519680 pages, LIFO batch:31
[    0.000000]   Normal zone: 19872 pages used for memmap
[    0.000000]   Normal zone: 1270272 pages, LIFO batch:31
[    0.000000] psci: probing for conduit method from DT.
[    0.000000] psci: PSCIv1.0 detected in firmware.
[    0.000000] psci: Using standard PSCI v0.2 function IDs
[    0.000000] psci: MIGRATE_INFO_TYPE not supported.
[    0.000000] PERCPU: Embedded 17 pages/cpu @ffffffc1b665d000 s31256 r8192 d30184 u69632
[    0.000000] pcpu-alloc: s31256 r8192 d30184 u69632 alloc=17*4096
[    0.000000] pcpu-alloc: [0] 0 [0] 1 [0] 2 [0] 3 [0] 4 [0] 5 
[    0.000000] Built 1 zonelists in Zone order, mobility grouping on.  Total pages: 1761888
[    0.000000] Kernel command line: root=/dev/mmcblk0p1 rw rootwait console=ttyS0,115200n8 console=tty0 OS=l4t fbcon=map:0 net.ifnames=0 memtype=0 video=tegrafb no_console_suspend=1 earlycon=uart8250,mmio32,0x03100000 nvdumper_reserved=0x2372e0000 gpt tegraid=18.1.2.0.0 tegra_keep_boot_clocks maxcpus=6 boot.slot_suffix= boot.ratchetvalues=0.2.1 androidboot.serialno=0422918061023 bl_prof_dataptr=0x10000@0x237040000 sdhci_tegra.en_boot_part_access=1 root=/dev/mmcblk0p1 rw rootwait rootfstype=ext4 pcie_aspm=off
[    0.000000] PCIe ASPM is disabled
[    0.000000] PID hash table entries: 4096 (order: 3, 32768 bytes)
[    0.000000] Dentry cache hash table entries: 1048576 (order: 11, 8388608 bytes)
[    0.000000] Inode-cache hash table entries: 524288 (order: 10, 4194304 bytes)
[    0.000000] Memory: 6944348K/7159808K available (11348K kernel code, 1786K rwdata, 5760K rodata, 1152K init, 719K bss, 149924K reserved, 65536K cma-reserved)
[    0.000000] Virtual kernel memory layout:
                   vmalloc : 0xffffff8000000000 - 0xffffffbdbfff0000   (   246 GB)
                   vmemmap : 0xffffffbdc0000000 - 0xffffffbfc0000000   (     8 GB maximum)
                             0xffffffbdc2000000 - 0xffffffbdc8da0000   (   109 MB actual)
                   fixed   : 0xffffffbffa7fd000 - 0xffffffbffac00000   (  4108 KB)
                   PCI I/O : 0xffffffbffae00000 - 0xffffffbffbe00000   (    16 MB)
                   modules : 0xffffffbffc000000 - 0xffffffc000000000   (    64 MB)
                   memory  : 0xffffffc000000000 - 0xffffffc1b6800000   (  7016 MB)
                     .init : 0xffffffc001136000 - 0xffffffc001256000   (  1152 KB)
                     .text : 0xffffffc000080000 - 0xffffffc001136000   ( 17112 KB)
                     .data : 0xffffffc001277000 - 0xffffffc0014358c0   (  1787 KB)
[    0.000000] SLUB: HWalign=64, Order=0-3, MinObjects=0, CPUs=6, Nodes=1
[    0.000000] Preemptible hierarchical RCU implementation.
[    0.000000] 	Build-time adjustment of leaf fanout to 64.
[    0.000000] 	RCU restricting CPUs from NR_CPUS=64 to nr_cpu_ids=6.
[    0.000000] RCU: Adjusting geometry for rcu_fanout_leaf=64, nr_cpu_ids=6
[    0.000000] NR_IRQS:64 nr_irqs:64 0
[    0.000000] GIC: Using split EOI/Deactivate mode
[    0.000000] Architected cp15 timer(s) running at 31.25MHz (phys).
[    0.000000] clocksource: arch_sys_counter: mask: 0xffffffffffffff max_cycles: 0xe6a171046, max_idle_ns: 881590405314 ns
[    0.000003] sched_clock: 56 bits at 31MHz, resolution 32ns, wraps every 4398046511088ns
[    0.009363] Console: colour dummy device 80x25
[    0.013992] console [tty0] enabled
[    0.017526] bootconsole [uart0] disabled
[    0.021601] kmemleak: Kernel memory leak detector disabled
[    0.021614] Calibrating delay loop (skipped), value calculated using timer frequency.. 62.50 BogoMIPS (lpj=125000)
[    0.021625] pid_max: default: 32768 minimum: 301
[    0.021673] Security Framework initialized
[    0.021707] Mount-cache hash table entries: 16384 (order: 5, 131072 bytes)
[    0.021717] Mountpoint-cache hash table entries: 16384 (order: 5, 131072 bytes)
[    0.022080] Initializing cgroup subsys freezer
[    0.022094] Initializing cgroup subsys debug
[    0.022241] CPU0 ipc=752
[    0.022251] CPU1 ipc=1024
[    0.022258] CPU2 ipc=1024
[    0.022267] CPU3 ipc=752
[    0.022276] CPU4 ipc=752
[    0.022286] CPU5 ipc=752
[    0.022320] ASID allocator initialised with 65536 entries
[    0.044728] tegra-id: chipid=21817.
[    0.044742] tegra-id: opt_subrevision=1.
[    0.044751] Tegra Revision: A02p SKU: 0x90 CPU Process: 0 SoC Process: 0
[    0.045243] DTS File Name: /home/zxp/JetPack-3.1/sources/kernel/kernel-4.4/arch/arm64/boot/dts/../../../../../../hardware/nvidia/platform/t18x/quill/kernel-dts/tegra186-quill-p3489-1000-a00-00-base.dts
[    0.045263] DTB Build time: <unknown>
[    0.062384] CPU1: Booted secondary processor [4e0f0030]
[    0.073864] CPU2: Booted secondary processor [4e0f0030]
[    0.085581] CPU3: Booted secondary processor [411fd073]
[    0.097592] CPU4: Booted secondary processor [411fd073]
[    0.109568] CPU5: Booted secondary processor [411fd073]
[    0.109640] Brought up 6 CPUs
[    0.109700] SMP: Total of 6 processors activated.
[    0.109714] CPU: All CPU(s) started at EL2
[    0.110228] devtmpfs: initialized
[    0.129238] Initilizing CustomIPI irq domain
[    0.129441] clocksource: jiffies: mask: 0xffffffff max_cycles: 0xffffffff, max_idle_ns: 7645041785100000 ns
[    0.130313] pinctrl core: initialized pinctrl subsystem
[    0.130482] OS set in device tree is not L4T.
[    0.130699] regulator-dummy: no parameters
[    0.130813] Initializing plugin-manager
[    0.130873] Plugin module not found
[    0.131287] node /plugin-manager/soc-prod-a02-fragment match with chip-id A02P
[    0.131616] node /plugin-manager/fragement@0 match with odm-data enable-denver-wdt
[    0.132222] node /plugin-manager/fragement@4 match with odm-data enable-denver-wdt
[    0.133370] node /plugin-manager/fragment-500-e3325-pcie match with board >=3489-0000-200
[    0.133388] node /plugin-manager/fragment-500-e3325-pcie match with odm-data enable-pcie-on-uphy-lane0
[    0.133849] node /plugin-manager/fragment-p3489-A00 match with board >=3489-0000-200
[    0.136071] Adding domain adsp-pd to PM domain ape-pd
[    0.137803] NET: Registered protocol family 16
[    0.138621] console [pstore-1] enabled
[    0.138635] pstore: Registered ramoops as persistent store backend
[    0.138649] ramoops: attached 0x200000@0x237080000, ecc: 0/0
[    0.149100] cpuidle: using governor ladder
[    0.153580] cpuidle: using governor menu
[    0.154514] bpmp: waiting for handshake
[    0.154530] bpmp: handshake completed
[    0.154565] bpmp: synchronizing channels
[    0.154581] bpmp: channels synchronized
[    0.154593] bpmp: mail init ok
[    0.154960] vdso: 2 pages (1 code @ ffffffc00127d000, 1 data @ ffffffc00127c000)
[    0.154994] hw-breakpoint: found 6 breakpoint and 4 watchpoint registers.
[    0.156008] atomic_pool_init():526: DMA: preallocated 1024 KiB pool for atomic allocations
[    0.157358] tegra_powergate_init: DONE
[    0.157380] DTS File Name: /home/zxp/JetPack-3.1/sources/kernel/kernel-4.4/arch/arm64/boot/dts/../../../../../../hardware/nvidia/platform/t18x/quill/kernel-dts/tegra186-quill-p3489-1000-a00-00-base.dts
[    0.157408] DTB Build time: <unknown>
[    0.158304] Tegra reboot handler registered.
[    0.158970] Registering Tegra186 clocks (this may take a while)...done
[    0.160311] arm-smmu 12000000.iommu: probing hardware configuration...
[    0.160329] arm-smmu 12000000.iommu: SMMUv2 with:
[    0.160343] arm-smmu 12000000.iommu: 	stage 1 translation
[    0.160357] arm-smmu 12000000.iommu: 	stage 2 translation
[    0.160370] arm-smmu 12000000.iommu: 	nested translation
[    0.160386] arm-smmu 12000000.iommu: 	stream matching with 128 register groups, mask 0x7f80
[    0.160406] arm-smmu 12000000.iommu: SMMU address space size (0x800000) differs from mapped region size (0x1000000)!
[    0.160427] arm-smmu 12000000.iommu: 	64 context banks (0 stage-2 only)
[    0.160443] arm-smmu 12000000.iommu: 	Stage-1: 39-bit VA -> 48-bit IPA
[    0.160457] arm-smmu 12000000.iommu: 	Stage-2: 39-bit IPA -> 48-bit PA
[    0.194976] arm-smmu 12000000.iommu: registered 67 master devices
[    0.197123] iommu: Adding device 3460000.sdhci to group 0
[    0.197532] iommu: Adding device 3400000.sdhci to group 1
[    0.198913] iommu: Adding device 3507000.ahci-sata to group 2
[    0.199162] iommu: Adding device 3160000.i2c to group 3
[    0.199390] iommu: Adding device c240000.i2c to group 4
[    0.199596] iommu: Adding device 3180000.i2c to group 5
[    0.199810] iommu: Adding device 3190000.i2c to group 6
[    0.200083] iommu: Adding device 31b0000.i2c to group 7
[    0.200295] iommu: Adding device 31c0000.i2c to group 8
[    0.200500] iommu: Adding device c250000.i2c to group 9
[    0.200692] iommu: Adding device 31e0000.i2c to group 10
[    0.201813] iommu: Adding device 3210000.spi to group 11
[    0.202022] iommu: Adding device c260000.spi to group 12
[    0.202241] iommu: Adding device 3240000.spi to group 13
[    0.203570] iommu: Adding device 3100000.serial to group 14
[    0.204151] iommu: Adding device 3110000.serial to group 15
[    0.204603] iommu: Adding device c280000.serial to group 16
[    0.205076] iommu: Adding device 3130000.serial to group 17
[    0.206830] iommu: Adding device 2490000.ether_qos to group 18
[    0.207533] iommu: Adding device b000000.rtcpu to group 19
[    0.208153] iommu: Adding device c1a0000.aon to group 20
[    0.209245] Wake73 for irq=42
[    0.209628] iommu: Adding device smmu_test to group 21
[    0.210313] mc: mapped MMIO address: 0xffffff8000560000 -> 0x2c10000
[    0.210360] mc: mapped MMIO address: 0xffffff8000640000 -> 0x2c20000
[    0.210456] mc: mapped MMIO address: 0xffffff8000660000 -> 0x2c30000
[    0.210497] mc: mapped MMIO address: 0xffffff8000fa0000 -> 0x2c40000
[    0.210536] mc: mapped MMIO address: 0xffffff8000fc0000 -> 0x2c50000
[    0.210571] mc-err: Set intmask: 0xf3140
[    0.210836] ecc-err: dram ecc enabled-MC_ECC_CONTROL:0x0000000d
[    0.210948] ecc-err: ecc_err_irq = 56
[    0.211169] ecc-err: EMC_INTMASK = 0x00001c00
[    0.211194] ecc-err: EMC_NONCRITICAL_INTMASK = 0x00000000
[    0.211218] ecc-err: EMC_CRITICAL_INTMASK = 0x00000000
[    0.212021] Wake76 for irq=199
[    0.212045] Wake77 for irq=199
[    0.212065] Wake78 for irq=199
[    0.212116] Wake79 for irq=199
[    0.212135] Wake80 for irq=199
[    0.212154] Wake81 for irq=199
[    0.212173] Wake82 for irq=199
[    0.212291] iommu: Adding device 3530000.xhci to group 22
[    0.212678] iommu: Adding device 3550000.xudc to group 23
[    0.213452] tegra-pmc c360000.pmc: scratch reg offset dts data not present
[    0.213482] tegra-pmc: ### PMC reset source: Power on reset
[    0.213507] tegra-pmc: ### PMC reset level: L0
[    0.213529] tegra-pmc: ### PMC reset status reg: 0x0
[    0.213785] padctrl padctrl.0: Pad control driver tegra-pmc-padctrl registered
[    0.213824] tegra-pmc c360000.pmc: IO padctrl driver initialized
[    0.213981] tegra186-aowake c370000.pmc: WAKE_AOWAKE_CTRL_0 = 3
[    0.214034] tegra186-aowake c370000.pmc: WAKE_AOWAKE_CNTRL_24(PMU_INT) = 320
[    0.214488] iommu: Adding device 13e10000.host1x to group 24
[    0.214750] iommu: Adding device 13e10000.host1x:ctx0 to group 25
[    0.214990] iommu: Adding device 13e10000.host1x:ctx1 to group 26
[    0.215257] iommu: Adding device 13e10000.host1x:ctx2 to group 27
[    0.215461] iommu: Adding device 13e10000.host1x:ctx3 to group 28
[    0.215708] iommu: Adding device 13e10000.host1x:ctx4 to group 29
[    0.215920] iommu: Adding device 13e10000.host1x:ctx5 to group 30
[    0.216147] iommu: Adding device 13e10000.host1x:ctx6 to group 31
[    0.216410] iommu: Adding device 13e10000.host1x:ctx7 to group 32
[    0.216795] iommu: Adding device 150c0000.nvcsi to group 33
[    0.217298] iommu: Adding device 15700000.vi to group 34
[    0.217602] iommu: Adding device 15600000.isp to group 35
[    0.217919] iommu: Adding device 15200000.nvdisplay to group 36
[    0.218296] iommu: Adding device 15340000.vic to group 37
[    0.218546] iommu: Adding device 154c0000.nvenc to group 38
[    0.218775] iommu: Adding device 15480000.nvdec to group 39
[    0.219054] iommu: Adding device 15380000.nvjpg to group 40
[    0.219273] iommu: Adding device 15500000.tsec to group 41
[    0.219481] iommu: Adding device 15100000.tsecb to group 42
[    0.220100] iommu: Adding device 15810000.se to group 43
[    0.220287] iommu: Adding device 15820000.se to group 44
[    0.220545] iommu: Adding device 15830000.se to group 45
[    0.220744] iommu: Adding device 15840000.se to group 46
[    0.221208] iommu: Adding device 17000000.gp10b to group 47
[    0.222423] tegra-reset 5000000.clock: registered 193 resets.
[    0.224119] iommu: Adding device d000000.bpmp to group 48
[    0.224321] bpmp: ping status is 0
[    0.224506] bpmp d000000.bpmp: firmware tag is 83385b61e34297b2f37e76e0cd1ff81e
[    0.224875] bpmp d000000.bpmp: probe ok
[    0.226922] iommu: Adding device 2600000.dma to group 49
[    0.227639] GPIO line 459 (pcie-lane2-mux) hogged as output/low
[    0.227772] gpiochip_add_data: registered GPIOs 320 to 511 on device: tegra-gpio
[    0.229664] gpiochip_add_data: registered GPIOs 256 to 319 on device: tegra-gpio-aon
[    0.230516] iommu: Adding device 10003000.pcie-controller to group 50
[    0.230754] iommu: Adding device sound to group 51
[    0.232239] iommu: Adding device 3510000.hda to group 52
[    0.233211] iommu: Adding device adsp_audio to group 53
[    0.234396] iommu: Adding device 2993000.adsp to group 54
[    0.243441] vdd-ac-bat: 5000 mV 
[    0.245819] vdd-1v8-ap: 1800 mV 
[    0.264356] SCSI subsystem initialized
[    0.264535] libata version 3.00 loaded.
[    0.264726] usbcore: registered new interface driver usbfs
[    0.264811] usbcore: registered new interface driver hub
[    0.264925] usbcore: registered new device driver usb
[    0.271332] i2c i2c-2: of_i2c: modalias failure on /i2c@3180000/gpio@2200000
[    0.274923] regulator_get() failed for (6-0021,vcc), -19
[    0.274963] pca953x 6-0021: reg get err: -19
[    0.277511] regulator_get() failed for (8-0020,vcc), -19
[    0.277547] pca953x 8-0020: reg get err: -19
[    0.278268] media: Linux media interface: v0.10
[    0.278404] Linux video capture interface: v2.00
[    0.282478] pps_core: LinuxPPS API ver. 1 registered
[    0.282538] pps_core: Software ver. 5.3.6 - Copyright 2005-2007 Rodolfo Giometti <giometti@linux.it>
[    0.282592] PTP clock support registered
[    0.283626] tegra_wdt_t18x 30c0000.watchdog: Tegra WDT init timeout = 120 sec
[    0.283678] tegra_wdt_t18x 30c0000.watchdog: Registered successfully
[    0.285137] max77620 4-003c: PMIC Version OTP:0x4D and ES:0x1
[    0.287442] GPIO line 253 (spmic_gpio_input_5) hogged as input
[    0.287631] GPIO line 254 (spmic_gpio_input_6) hogged as input
[    0.287732] gpiochip_add_data: registered GPIOs 248 to 255 on device: max20024-gpio
[    0.294563] vddio-ddr: at 1125 mV 
[    0.298402] avdd_dsi_csi: 1200 mV 
[    0.302398] vdd-1v8: 1800 mV 
[    0.306397] vdd-3v3-sys: 3300 mV 
[    0.307041] max77620-sd4: at 600 mV 
[    0.307933] spmic-ldo0: at 1800 mV 
[    0.308712] spmic-ldo1: at 800 mV 
[    0.314396] vddio-3v3: 3300 mV 
[    0.314999] vddio-sdmmc1: 1800 <--> 3300 mV at 3300 mV 
[    0.317585] vdd-rtc: at 800 mV 
[    0.318238] avdd-ts-hv: 1800 <--> 3300 mV at 1800 mV 
[    0.321583] spmic-ldo6: at 1500 mV 
[    0.325582] vdd-pex-1v05: 1000 mV 
[    0.326117] dvdd-pex: 1000 mV 
[    0.326373] max77620 4-003c: max77620 probe successful
[    0.326630] Advanced Linux Sound Architecture Driver Initialized.
[    0.327675] en-vdd-sd: 3300 mV 
[    0.327827] en-vdd-cam: 1800 mV 
[    0.329589] vdd-hdmi: 5000 mV 
[    0.329753] vdd-usb0-5v: 5000 mV 
[    0.329911] vdd-usb1-5v: 5000 mV 
[    0.333585] en-vdd-ts-1v8: 1800 mV 
[    0.337583] en-vdd-ts-hv-3v3: 3300 mV 
[    0.337725] en-vdd-disp-3v3: 3300 mV 
[    0.337857] en-mdm-pwr-3v7: 3700 mV 
[    0.337991] en-vdd-disp-1v8: 1800 mV 
[    0.338122] en-vdd-cam-hv-2v8: 2800 mV 
[    0.338271] en-vdd-cam-1v2: 1200 mV 
[    0.338406] vdd-fan: 5000 mV 
[    0.338511] vdd-3v3: 3300 mV 
[    0.338646] dis-vdd-1v2: 1200 mV 
[    0.338751] en-vdd-vcm-2v8: 2800 mV 
[    0.338896] vdd-usb2-5v: 5000 mV 
[    0.339001] vdd-sys-bl: 3300 mV 
[    0.339130] en-vdd-sys: 1200 mV 
[    0.342209] extcon-gpio-states external-connection:extcon@1: Cable state 2
[    0.342630] clocksource: Switched to clocksource arch_sys_counter
[    0.361668] nvmap_heap_init: nvmap_heap_init: created heap block cache
[    0.361981] nvmap: nvmap_override_cache_ops() set roc flush ops to replace cache ops by set/ways
[    0.362458] nvmap_page_pool_init: Total RAM pages: 1752471
[    0.362476] nvmap_page_pool_init: nvmap page pool size: 219058 pages (855 MB)
[    0.362661] nvmap_background_zero_thread: PP zeroing thread starting.
[    0.366979] Wake76 for irq=199
[    0.366993] Wake77 for irq=199
[    0.367005] Wake78 for irq=199
[    0.367016] Wake79 for irq=199
[    0.367028] Wake80 for irq=199
[    0.367039] Wake81 for irq=199
[    0.367049] Wake82 for irq=199
[    0.367768] thermal thermal_zone0: Registering thermal zone thermal_zone0 for type BCPU-therm
[    0.367958] thermal thermal_zone1: Registering thermal zone thermal_zone1 for type MCPU-therm
[    0.368286] thermal thermal_zone2: Registering thermal zone thermal_zone2 for type GPU-therm
[    0.368369] thermal thermal_zone3: Registering thermal zone thermal_zone3 for type PLL-therm
[    0.368515] thermal thermal_zone4: Registering thermal zone thermal_zone4 for type Tboard_tegra
[    0.368658] thermal thermal_zone5: Registering thermal zone thermal_zone5 for type Tdiode_tegra
[    0.368799] thermal thermal_zone6: Registering thermal zone thermal_zone6 for type PMIC-Die
[    0.369024] isomgr_init(): iso emc max clk=1600000KHz
[    0.369038] isomgr_init(): max_iso_bw=7680000KB
[    0.369120] NET: Registered protocol family 2
[    0.369418] TCP established hash table entries: 65536 (order: 7, 524288 bytes)
[    0.369651] TCP bind hash table entries: 65536 (order: 8, 1048576 bytes)
[    0.369978] TCP: Hash tables configured (established 65536 bind 65536)
[    0.370043] UDP hash table entries: 4096 (order: 5, 131072 bytes)
[    0.370101] UDP-Lite hash table entries: 4096 (order: 5, 131072 bytes)
[    0.370263] NET: Registered protocol family 1
[    0.370483] RPC: Registered named UNIX socket transport module.
[    0.370499] RPC: Registered udp transport module.
[    0.370512] RPC: Registered tcp transport module.
[    0.370524] RPC: Registered tcp NFSv4.1 backchannel transport module.
[    0.370546] PCI: CLS 0 bytes, default 128
[    0.370680] Trying to unpack rootfs image as initramfs...
[    0.383885] host1x 13e10000.host1x: initialized
[    0.384669] hw perfevents: enabled with armv8_pmuv3 PMU driver, 7 counters available
[    0.386787] futex hash table entries: 2048 (order: 6, 262144 bytes)
[    0.386890] audit: initializing netlink subsys (disabled)
[    0.386923] audit: type=2000 audit(0.376:1): initialized
[    0.394586] io scheduler noop registered (default)
[    0.397375] tegra-pwm 3280000.pwm: PWM clk can sleep in ops
[    0.398521] tegra-pwm 3290000.pwm: PWM clk can sleep in ops
[    0.399547] tegra-pwm 32a0000.pwm: PWM clk can sleep in ops
[    0.400560] tegra-pwm c340000.pwm: PWM clk can sleep in ops
[    0.403067] tsec 15500000.tsec: initialized
[    0.403769] tsec 15100000.tsecb: initialized
[    0.405106] nvdec 15480000.nvdec: initialized
[    0.407606] falcon 15340000.vic: initialized
[    0.408282] falcon 154c0000.nvenc: initialized
[    0.408948] falcon 15380000.nvjpg: initialized
[    0.409655] iommu_context_dev 13e10000.host1x:ctx0: initialized (streamid=56)
[    0.410174] iommu_context_dev 13e10000.host1x:ctx1: initialized (streamid=57)
[    0.410696] iommu_context_dev 13e10000.host1x:ctx2: initialized (streamid=58)
[    0.411201] iommu_context_dev 13e10000.host1x:ctx3: initialized (streamid=59)
[    0.411705] iommu_context_dev 13e10000.host1x:ctx4: initialized (streamid=60)
[    0.412226] iommu_context_dev 13e10000.host1x:ctx5: initialized (streamid=61)
[    0.412742] iommu_context_dev 13e10000.host1x:ctx6: initialized (streamid=62)
[    0.413258] iommu_context_dev 13e10000.host1x:ctx7: initialized (streamid=63)
[    0.414404] DC OR NODE connected to /host1x/dsi
[    0.414509] tegra_camera_platform tegra-camera-platform: tegra_camera_probe:camera_platform_driver probe
[    0.414613] parse_disp_default_out: No parent clk. dft clk will be used.
[    0.414619] misc tegra_camera_ctrl: tegra_camera_isomgr_register tpg_max_iso = 3916800KBs
[    0.414624] misc tegra_camera_ctrl: tegra_camera_isomgr_register isp_iso_bw=3925327, vi_iso_bw=3000000, max_bw=3925327
[    0.414742] tegradc 15200000.nvdisplay: DT parsed successfully
[    0.414790] tegradc 15200000.nvdisplay: Display dc.ffffff80023c0000 registered with id=0
[    0.421657] __tegra_isomgr_register(): iso bandwidth 5924200KB is not available, client disp_0
[    0.421752] tegra_nvdisp_bandwidth_register_max_config: max config iso bw = 3136300 KB/s
[    0.421770] tegra_nvdisp_bandwidth_register_max_config: max config EMC floor = 102000000 Hz
[    0.421787] tegra_nvdisp_bandwidth_register_max_config: max config hubclk = 169820000 Hz
[    0.421832] tegradc 15200000.nvdisplay: vblank syncpt # 7 for dc 0
[    0.421847] tegradc 15200000.nvdisplay: vpulse3 syncpt # 8 for dc 0
[    0.422024] tegra-adma 2930000.adma: Tegra ADMA driver register 10 channels
[    0.423803] tegra-fuse-burn 3820000.efuse:efuse-burn: Fuse burn driver initialized
[    0.424103] kfuse 3830000.kfuse: initialized
[    0.424410] tegradc 15200000.nvdisplay: probed
[    0.425215] tegra-pmc-iopower pmc-iopower: NO_IOPOWER setting 0x0
[    0.425642] Serial: 8250/16550 driver, 4 ports, IRQ sharing disabled
[    0.427519] console [ttyS0] disabled
[    0.427575] 3100000.serial: ttyS0 at MMIO 0x3100000 (irq = 37, base_baud = 25500000) is a Tegra
[    2.383606] console [ttyS0] enabled
[    2.385766] 3110000.serial: ttyTHS1 at MMIO 0x3110000 (irq = 38, base_baud = 0) is a TEGRA_UART
[    2.386794] c280000.serial: ttyTHS2 at MMIO 0xc280000 (irq = 39, base_baud = 0) is a TEGRA_UART
[    2.387010] serial-tegra 3130000.serial: RX in PIO mode
[    2.387855] 3130000.serial: ttyTHS3 at MMIO 0x3130000 (irq = 40, base_baud = 0) is a TEGRA_UART
[    2.392108] Console: switching to colour frame buffer device 240x67
[    2.397700] brd: module loaded
[    2.402565] loop: module loaded
[    2.402822] nct1008_nct72 7-004c: find device tree node, parsing dt
[    2.402827] nct1008_nct72 7-004c: starting parse dt
[    2.402902] nct1008_nct72 7-004c: success parsing dt
[    2.403014] nct1008_nct72 7-004c: success in enabling tmp451 VDD rail
[    2.415194] gk20a 17000000.gp10b: failed to allocate secure buffer -12
[    2.439136] tmp451: Enabled overheat logging at 107.00C
[    2.439296] nct1008_nct72 7-004c: nct1008_probe: initialized
[    2.441324] THERMAL EST: found 3 subdevs
[    2.441335] THERMAL EST num_resources: 0
[    2.441346] [THERMAL EST subdev 0]
[    2.441371] [THERMAL EST subdev 1]
[    2.441375] [THERMAL EST subdev 2]
[    2.441791] thermal thermal_zone7: Registering thermal zone thermal_zone7 for type thermal-fan-est
[    2.441794] THERMAL EST: thz register success.
[    2.441931] THERMAL EST: end of probe, return err: 0
[    2.441989] tegra_profiler: Branch: Dev
[    2.441992] tegra_profiler: Version: 1.117
[    2.441996] tegra_profiler: Samples version: 41
[    2.441998] tegra_profiler: IO version: 22
[    2.442005] armv8_pmu: imp: 0x41, idcode: 0x1
[    2.442011] armv8_pmu: [0] arch: AA64 PmuV3 ARM CORTEX-A57, type: 5, ver: 0, pmu ver: 0x1
[    2.442014] armv8_pmu: imp: 0x4e, idcode: 0x1
[    2.442019] armv8_pmu: [1] arch: AA64 PmuV3 NVIDIA (Denver), type: 6, ver: 2, pmu ver: 0x1
[    2.442023] armv8_pmu: imp: 0x4e, idcode: 0x1
[    2.442027] armv8_pmu: [2] arch: AA64 PmuV3 NVIDIA (Denver), type: 6, ver: 2, pmu ver: 0x1
[    2.442031] armv8_pmu: imp: 0x41, idcode: 0x1
[    2.442035] armv8_pmu: [3] arch: AA64 PmuV3 ARM CORTEX-A57, type: 5, ver: 0, pmu ver: 0x1
[    2.442038] armv8_pmu: imp: 0x41, idcode: 0x1
[    2.442042] armv8_pmu: [4] arch: AA64 PmuV3 ARM CORTEX-A57, type: 5, ver: 0, pmu ver: 0x1
[    2.442046] armv8_pmu: imp: 0x41, idcode: 0x1
[    2.442049] armv8_pmu: [5] arch: AA64 PmuV3 ARM CORTEX-A57, type: 5, ver: 0, pmu ver: 0x1
[    2.442256] tegra_profiler: auth: init
[    2.442678] 6408+gmsl 6-0021: find device tree node, parsing dt
[    2.442685] 6408+gmsl 6-0021: ###fun gmsl_probe line 470
[    2.442690] 6408+gmsl 6-0021: ###fun gmsl_probe unum U45
[    2.442706] 6408+gmsl 6-0021: ###fun gmsl_probe uisee_6408_name uisee_6408_U45
[    2.442711] 6408+gmsl 6-0021: 1g_switch and lidar_switch init start
[    2.442895] tegra-i2c 31c0000.i2c: no acknowledge from address 0x21
[    2.443078] 6408+gmsl 6-0021: tca6408_write_reg: err -121
[    2.443084] 6408+gmsl 6-0021: 
                exit c6408_setting, err=-121 
[    2.443114] 6408+gmsl 6-0021: 
                exit gmsl_probe, err=-121 
[    2.443124] 6408+gmsl: probe of 6-0021 failed with error -121
[    2.443182] 6408+gmsl 8-0020: find device tree node, parsing dt
[    2.443214] 6408+gmsl 8-0020: ###fun gmsl_probe line 470
[    2.443220] 6408+gmsl 8-0020: ###fun gmsl_probe unum U58
[    2.443231] 6408+gmsl 8-0020: ###fun gmsl_probe uisee_6408_name uisee_6408_U58
[    2.443236] 6408+gmsl 8-0020: gmsl init start
[    2.459075] 6408+gmsl 8-0020: 6408 setting finished!
[    2.459174] 6408+gmsl 8-0020: ###fun gmsl_probe gmsl finished
[    2.770576] tegradc 15200000.nvdisplay: fb registered
[    2.777800] PD DISP0 index2 UP
[    2.783930] PD DISP1 index3 UP
[    2.816453] tegradc 15200000.nvdisplay: DSI: HS clock rate is 445500
[    2.873090] tegra-ahci 3507000.ahci-sata: AHCI 0001.0301 32 slots 2 ports 3 Gbps 0x1 impl platform mode
[    2.884338] tegra-ahci 3507000.ahci-sata: flags: 64bit ncq sntf pm led pmp pio slum part deso sadm apst 
[    2.896211] scsi host0: tegra_ahci
[    2.901618] scsi host1: tegra_ahci
[    2.906860] ata1: SATA max UDMA/133 mmio [mem 0x03507000-0x03508fff] port 0x100 irq 25
[    2.916530] ata2: DUMMY
[    2.921508] spi-tegra114 3210000.spi: Static pin configuration used
[    2.929896] spi-tegra114 c260000.spi: Static pin configuration used
[    2.938261] spi-tegra114 3240000.spi: Static pin configuration used
[    2.946958] tun: Universal TUN/TAP device driver, 1.6
[    2.953826] tun: (C) 1999-2004 Max Krasnyansky <maxk@qualcomm.com>
[    2.961983] vcan: Virtual CAN interface driver
[    2.968378] slcan: serial line CAN interface driver
[    2.975104] slcan: 10 dynamic interface channels.
[    2.981669] CAN device driver interface
[    2.987531] e1000e: Intel(R) PRO/1000 Network Driver - 3.2.6-k
[    2.995232] e1000e: Copyright(c) 1999 - 2015 Intel Corporation.
[    3.003136] igb: Intel(R) Gigabit Ethernet Network Driver - version 5.3.0-k
[    3.012432] igb: Copyright (c) 2007-2014 Intel Corporation.
[    3.021582] PPP generic driver version 2.4.2
[    3.025737] eqos 2490000.ether_qos: Setting local MAC: 0 4 4b a9 30 3c
[    3.026342] libphy: dwc_phy: probed
[    3.041733] PPP BSD Compression module registered
[    3.048673] PPP Deflate Compression module registered
[    3.058052] PPP MPPE Compression module registered
[    3.064838] NET: Registered protocol family 24
[    3.072133] usbcore: registered new interface driver r8152
[    3.079648] usbcore: registered new interface driver asix
[    3.087042] usbcore: registered new interface driver ax88179_178a
[    3.088050] bcm54xx_low_power_mode(): put phy in iddq-lp mode
[    3.102696] usbcore: registered new interface driver cdc_ether
[    3.110477] usbcore: registered new interface driver smsc95xx
[    3.118122] usbcore: registered new interface driver net1080
[    3.125649] usbcore: registered new interface driver cdc_subset
[    3.133403] usbcore: registered new interface driver zaurus
[    3.140944] usbcore: registered new interface driver cdc_ncm
[    3.148698] Wake76 for irq=199
[    3.153445] Wake77 for irq=199
[    3.158142] Wake78 for irq=199
[    3.162807] Wake79 for irq=199
[    3.167459] Wake80 for irq=199
[    3.172123] Wake81 for irq=199
[    3.176805] Wake82 for irq=199
[    3.181506] tegra-xotg xotg: usb2 phy is not available yet
[    3.189303] usbcore: registered new interface driver usb-storage
[    3.196968] usbcore: registered new interface driver usbserial
[    3.204409] usbcore: registered new interface driver ftdi_sio
[    3.211707] usbserial: USB Serial support registered for FTDI USB Serial Device
[    3.220628] usbcore: registered new interface driver option
[    3.227819] usbserial: USB Serial support registered for GSM modem (1-port)
[    3.236401] usbcore: registered new interface driver pl2303
[    3.238629] ata1: SATA link down (SStatus 0 SControl 300)
[    3.250629] usbserial: USB Serial support registered for pl2303
[    3.258480] tegra-usb-cd usb_cd: otg phy is not available yet
[    3.268149] tegra-xudc-new 3550000.xudc: usb2 phy is not available yet
[    3.408663] max77686-rtc max77620-rtc: rtc core: registered max77620-rtc as rtc0
[    3.419741] tegra_rtc c2a0000.rtc: rtc core: registered c2a0000.rtc as rtc1
[    3.428442] tegra_rtc c2a0000.rtc: Tegra internal Real Time Clock
[    3.436388] i2c /dev entries driver
[    3.442246] [OV490]: probing v4l2 sensor.
[    3.448066] ov490 2-005c: ov490_probe: line 980
[    3.454511] extract_pixel_format V4L2_PIX_FMT_Y12 *********************
[    3.462760] extract_pixel_format format Y12 (0x20323159)
[    3.469687] extract_pixel_format V4L2_PIX_FMT_Y12 *********************
[    3.477873] extract_pixel_format format Y12 (0x20323159)
[    3.484820] extract_pixel_format V4L2_PIX_FMT_Y12 *********************
[    3.493079] extract_pixel_format format Y12 (0x20323159)
[    3.500096] ov490 2-005c: ov490_ctrls_init++
[    3.518285] [OV490]: probing v4l2 sensor.
[    3.524103] ov490 2-005e: ov490_probe: line 980
[    3.530420] extract_pixel_format V4L2_PIX_FMT_Y12 *********************
[    3.540747] extract_pixel_format format Y12 (0x20323159)
[    3.547746] extract_pixel_format V4L2_PIX_FMT_Y12 *********************
[    3.556004] extract_pixel_format format Y12 (0x20323159)
[    3.562938] extract_pixel_format V4L2_PIX_FMT_Y12 *********************
[    3.571191] extract_pixel_format format Y12 (0x20323159)
[    3.578156] ov490 2-005e: ov490_ctrls_init++
[    3.596328] gspca_main: v2.14.0 registered
[    3.602133] usbcore: registered new interface driver gspca_zc3xx
[    3.610150] max77620-power max20024-power: Event recorder REG_NVERC : 0x0
[    3.620734] FAN dev name: pwm-fan
[    3.625731] FAN:gpio request success.
[    3.630983] FAN: can't find tach_gpio
[    3.636261] pwm_fan_driver pwm-fan: cap state:7, cap pwm:255
[    3.643763] pwm_fan_driver pwm-fan: got pwm for fan
[    3.650218] pwm_fan_driver pwm-fan: tach period: 1000
[    3.657215] pwm_fan_driver pwm-fan: index 0: pwm=0, rpm=0, rru=40, rrd=40, state:2
[    3.666372] pwm_fan_driver pwm-fan: index 1: pwm=80, rpm=1000, rru=2, rrd=2, state:2
[    3.675685] pwm_fan_driver pwm-fan: index 2: pwm=120, rpm=2000, rru=1, rrd=1, state:2
[    3.685099] pwm_fan_driver pwm-fan: index 3: pwm=160, rpm=3000, rru=1, rrd=1, state:2
[    3.694509] pwm_fan_driver pwm-fan: index 4: pwm=255, rpm=4000, rru=1, rrd=1, state:3
[    3.703892] pwm_fan_driver pwm-fan: index 5: pwm=255, rpm=5000, rru=1, rrd=1, state:3
[    3.713248] pwm_fan_driver pwm-fan: index 6: pwm=255, rpm=6000, rru=1, rrd=1, state:3
[    3.722607] pwm_fan_driver pwm-fan: index 7: pwm=255, rpm=7000, rru=1, rrd=1, state:4
[    3.731957] pwm_fan_driver pwm-fan: index 8: pwm=255, rpm=10000, rru=1, rrd=1, state:4
[    3.741404] pwm_fan_driver pwm-fan: index 9: pwm=255, rpm=11000, rru=1, rrd=1, state:4
[    3.751932] device-mapper: uevent: version 1.0.3
[    3.762133] device-mapper: ioctl: 4.34.0-ioctl (2015-10-28) initialised: dm-devel@redhat.com
[    3.772699] sdhci: Secure Digital Host Controller Interface driver
[    3.780504] sdhci: Copyright(c) Pierre Ossman
[    3.786505] sdhci-pltfm: SDHCI platform and OF driver helper
[    3.794060] sdhci-tegra 3460000.sdhci: Parent select= pll_p rate=408000000
[    3.795497] tegra-se-elp 3ad0000.se_elp: tegra_se_elp_probe: complete
[    3.795660] hidraw: raw HID events driver (C) Jiri Kosina
[    3.797952] usbcore: registered new interface driver usbhid
[    3.797955] usbhid: USB HID core driver
[    3.802927] tegra-i2c 3160000.i2c: no acknowledge from address 0x42
[    3.803112] ina3221x 0-0042: ina3221 reset failure status: 0xffffff87
[    3.803318] ina3221x: probe of 0-0042 failed with error -121
[    3.803754] tegra-i2c 3160000.i2c: no acknowledge from address 0x43
[    3.803927] ina3221x 0-0043: ina3221 reset failure status: 0xffffff87
[    3.804106] ina3221x: probe of 0-0043 failed with error -121
[    3.804471] nvadsp 2993000.adsp: in probe()...
[    3.806394] nvadsp 2993000.adsp: Registering AMC Error Interrupt
[    3.806437] nvadsp 2993000.adsp: AMC/ARAM initialized.
[    3.806730] nvadsp 2993000.adsp: nvadsp_app_module_probe
